[aiic.vn/index.html]
[aiic.vn/t.src]
[backblue.gif]
[fade.gif]
[index.html]
[aiic.vn/wp-content/cache/min/1/2ec4f8660e7f562289189909f56ed2d1.css]
[aiic.vn/wp-includes/js/jquery/jquery.minf43b.js]
[aiic.vn/wp-includes/js/jquery/jquery-migrate.min5589.js]
[aiic.vn/wp-content/plugins/pixelyoursite/dist/scripts/jquery.bind-first-0.2.3.min84fc.js]
[aiic.vn/wp-content/plugins/pixelyoursite/dist/scripts/js.cookie-2.1.3.min4c71.js]
[aiic.vn/wp-content/cache/min/1/wp-content/plugins/pixelyoursite/dist/scripts/public4753.js]
[aiic.vn/wp-json/wp/v2/pages/5709.json]
[aiic.vn/feed/index.html]
[aiic.vn/comments/feed/index.html]
[aiic.vn/trang-chu/feed/index.html]
[aiic.vn/wp-json/index.html]
[aiic.vn/wp-json/oembed/1.0/embed2e50.json]
[aiic.vn/wp-json/oembed/1.0/embed7c7e]
[aiic.vn/wp-content/themes/apply/webfonts/fa-solid-900.woff2]
[aiic.vn/wp-content/themes/apply/webfonts/UTMScriptinaKT.ttf]
[aiic.vn/wp-content/themes/flatsome/assets/css/icons/fl-icons.woff2]
[aiic.vn/wp-content/themes/apply/webfonts/SourceSansPro-Italic.ttf]
[aiic.vn/wp-content/themes/apply/webfonts/SourceSansPro-SemiBold.ttf]
[aiic.vn/wp-content/themes/apply/webfonts/SourceSansPro-Regular.ttf]
[connect.facebook.net/en_US/fbevents.js]
[aiic.vn/wp-content/cache/min/1/ztr/ztrackerc6f6.js]
[connect.facebook.net/en_US/fbevents2f15.js]
[aiic.vn/wp-content/uploads/2021/03/Group-112.png]
[aiic.vn/wp-content/uploads/2021/12/Ally_Logo_Digital-Version_Preview-02.png]
[aiic.vn/wp-content/uploads/2023/03/banner-2023-scaled.jpg]
[aiic.vn/wp-content/uploads/2023/04/Banner-dau-tu-dinh-cu-Chau-Au-Caribbean-scaled.jpg]
[aiic.vn/wp-content/uploads/2022/08/banner-moi-22_08-scaled.jpg]
[aiic.vn/wp-content/uploads/2022/11/coverthanhnien.jpg]
[aiic.vn/ve-chung-toi/index.html]
[aiic.vn/wp-content/uploads/2021/12/Banner-Bao-Dantri-scaled.jpg]
[aiic.vn/tuyen-dung-ally/index.html]
[aiic.vn/wp-content/uploads/2021/09/bannermoi.jpg]
[aiic.vn/dau-tu-dinh-cu-chau-au-quoc-tich-caribbean-dien-dau-tu/index.html]
[aiic.vn/dinh-cu-hy-lap/index.html]
[aiic.vn/dinh-cu-malta/index.html]
[aiic.vn/wp-content/uploads/2021/10/cover-ally-scaled.jpg]
[aiic.vn/dinh-cu-saint-lucia/index.html]
[aiic.vn/dinh-cu-dao-sip/index.html]
[aiic.vn/wp-content/uploads/2023/03/banner-mobile-2023-scaled.jpg]
[aiic.vn/dinh-cu-tho-nhi-ky/index.html]
[aiic.vn/dinh-cu-grenada/index.html]
[aiic.vn/wp-content/uploads/2023/04/banner-moi-mobile-scaled.jpg]
[aiic.vn/wp-content/uploads/2022/08/banner-moi-mobile-2208-scaled.jpg]
[aiic.vn/wp-content/uploads/2022/11/mobilecoverthanhnien.jpg]
[aiic.vn/wp-content/uploads/2021/12/Banner-Bao-Dantri-Mobile-scaled.jpg]
[aiic.vn/dinh-cu-canada-dien-tay-nghe/index.html]
[aiic.vn/chuong-trinh-express-entry-ee/index.html]
[aiic.vn/chuong-trinh-work-permit-wp/index.html]
[aiic.vn/wp-content/uploads/2021/09/banner-Thủ-tướng-dắc-cử-mobile.jpg]
[aiic.vn/chuong-trinh-de-cu-tinh-bang-british-columbia-bc-pnp/index.html]
[aiic.vn/chuong-trinh-de-cu-tinh-bang-alberta-ainp/index.html]
[aiic.vn/wp-content/uploads/2021/10/coverally1-scaled.jpg]
[aiic.vn/chuong-trinh-de-cu-tinh-bang-saskatchewan-sinp/index.html]
[aiic.vn/chuong-trinh-de-cu-tinh-bang-manitoba-mpnp/index.html]
[aiic.vn/wp-content/uploads/2021/03/handsome-african-guy-black-jeans-holding-laptop-showing-co-workers-presentation-indoor-portrait-asian-man-glasses-embracing-blonde-woman-posing-with-other-employees.jpg]
[aiic.vn/chuong-trinh-de-cu-tinh-bang-prince-edward-island-peipnp/index.html]
[aiic.vn/chuong-trinh-thi-diem-nong-nghiep-thuc-pham-afip/index.html]
[aiic.vn/chuong-trinh-thi-diem-caregiver/index.html]
[aiic.vn/wp-content/uploads/2021/03/Group-377.jpg]
[aiic.vn/thong-tin-chuong-trinh/ve-canada/index.html]
[aiic.vn/gioi-thieu-tinh-bang/index.html]
[aiic.vn/wp-content/uploads/2021/03/happy-asian-couple-love-laughing-while-using-laptop.jpg]
[aiic.vn/thong-tin-chuong-trinh/index.html]
[aiic.vn/chuyen-muc/tin-tuc/index.html]
[aiic.vn/wp-content/uploads/2021/04/park-with-city.jpg]
[aiic.vn/lien-he/index.html]
[aiic.vn/chuyen-muc/cau-chuyen-thanh-cong/index.html]
[aiic.vn/thu-tuong-justin-trudeau-tai-dac-cu-thoi-diem-vang-de-ban-va-gia-dinh-hien-thuc-hoa-giac-mo-dinh-cu-canada-day-roi/index.html]
[aiic.vn/wp-content/uploads/2022/07/equality.svg]
[aiic.vn/wp-content/uploads/2022/07/medal.svg]
[aiic.vn/wp-content/uploads/2022/07/increase.svg]
[aiic.vn/wp-content/uploads/2022/07/Image-80.png]
[aiic.vn/wp-content/uploads/2021/03/Group-260-300x300.jpg]
[aiic.vn/wp-content/uploads/2021/03/Group-377.png]
[aiic.vn/wp-content/uploads/2021/03/Group-377-1.jpg]
[aiic.vn/wp-content/uploads/2021/03/Group-378.jpg]
[aiic.vn/wp-content/uploads/2021/03/Group-379.jpg]
[aiic.vn/wp-content/uploads/2021/03/Group-380.jpg]
[aiic.vn/wp-content/uploads/2021/03/Group-377-2.jpg]
[aiic.vn/wp-content/uploads/2021/03/Group-377-1.png]
[aiic.vn/wp-content/uploads/2022/06/pexels-alena-darmel-7641899-scaled.jpg]
[aiic.vn/wp-content/uploads/2021/05/Thiet-ke-khong-ten-16.png]
[aiic.vn/wp-content/uploads/2021/05/DSC00203-2.jpg]
[aiic.vn/wp-content/uploads/2021/05/Thiet-ke-khong-ten-18.png]
[aiic.vn/wp-content/uploads/2021/09/anh-sau-1.jpg]
[aiic.vn/cau-chuyen-thanh-cong-chi-mai/index.html]
[aiic.vn/wp-content/uploads/2021/09/PP-HOANG-OANH-1-1.jpg]
[aiic.vn/wp-content/uploads/2021/09/Passport-Request-Nguyen-Quang-Vinh1-scaled.jpg]
[aiic.vn/wp-content/uploads/2021/09/Original-Passport-Request-Hoang-Thi-Thanh-Van-scaled.jpg]
[aiic.vn/cau-chuyen-thanh-cong-anh-duc/index.html]
[aiic.vn/wp-content/uploads/2021/10/Passport-Request_Vo-Thi-Tuyet-Van-scaled.jpg]
[aiic.vn/wp-content/uploads/2021/10/Passport-Request-AU-PHUONG-HONG-scaled.jpg]
[aiic.vn/wp-content/uploads/2021/11/Bui-Vu-Quyen.jpg]
[aiic.vn/wp-content/uploads/2021/11/Passport-Request-Hoang-Dang-Khoa-scaled.jpg]
[aiic.vn/wp-content/uploads/2021/11/Original-Passport-Request-HUYNH-Thanh-Tung-1.jpg]
[aiic.vn/wp-content/uploads/2021/03/Path-756.png]
[aiic.vn/wp-content/uploads/2021/05/express-entry-dinh-cu-ally-500x281.png]
[aiic.vn/cau-chuyen-thanh-cong-anh-thong/index.html]
[aiic.vn/wp-content/uploads/2021/05/de-cu-tinh-bang-pnp-canada-ally-500x333.jpg]
[aiic.vn/wp-content/uploads/2022/08/img_62eb9ed7aeaae.png]
[aiic.vn/wp-content/uploads/2022/08/img_62eba010a9af7.png]
[aiic.vn/anh-sau-hcm/index.html]
[aiic.vn/wp-content/uploads/2021/03/Group-182.png]
[aiic.vn/wp-content/uploads/2022/02/img_6201086bd7ed7.png]
[images.dmca.com/Badges/_dmca_premi_badge_4a18e.png]
[aiic.vn/wp-content/cache/min/1/Badges/DMCABadgeHelper.minc6f6.js]
[aiic.vn/express-entry-la-gi-nhung-thong-tin-quan-trong-can-biet/index.html]
[aiic.vn/tim-hieu-chi-tiet-chuong-trinh-de-cu-tinh-bang-pnp-tai-canada/index.html]
[aiic.vn/chuong-trinh-dinh-cu-dau-tu-hy-lap-ty-le-thanh-cong-cao/index.html]
[web1s.com/site-u-v3775a.js]
[aiic.vn/visa-golden-la-gi-loi-ich-uu-diem-va-cac-thong-tin-can-biet/index.html]
[aiic.vn/dien-doanh-nhan/index.html]
[connect.facebook.net/en_US/sdk/xfbml.customerchat.js]
[aiic.vn/wp-content/cache/min/1/wp-content/plugins/contact-form-7/includes/swv/js/indexc6f6.js]
[aiic.vn/wp-content/cache/min/1/wp-content/plugins/contact-form-7/includes/js/indexc6f6.js]
[aiic.vn/wp-content/cache/min/1/wp-content/themes/flatsome/inc/extensions/flatsome-live-search/flatsome-live-searchc6f6.js]
[www.google.com/recaptcha/api7626.js]
[aiic.vn/wp-includes/js/dist/vendor/wp-polyfill-inert.min0226.js]
[aiic.vn/wp-includes/js/dist/vendor/regenerator-runtime.min6c85.js]
[aiic.vn/wp-includes/js/dist/vendor/wp-polyfill.min2c7c.js]
[aiic.vn/wp-content/cache/min/1/wp-content/plugins/contact-form-7/modules/recaptcha/indexc6f6.js]
[aiic.vn/wp-includes/js/hoverIntent.min3e5a.js]
[aiic.vn/wp-content/cache/min/1/wp-content/themes/flatsome/assets/js/flatsomec6f6.js]
[aiic.vn/wp-includes/js/comment-reply.min84fc.js]
[aiic.vn/index.html]
[aiic.vn/t.html]
[www.googletagmanager.com/gtm5445.html]
[aiic.vn/wp-content/themes/apply/inc/nt-contact/assets/images/icon-call.svg]
[mc.yandex.ru/metrika/tag.js]
[aiic.vn/wp-content/themes/apply/inc/nt-contact/assets/images/icon-messenger.svg]
[aiic.vn/wp-content/themes/apply/inc/nt-contact/assets/images/facebook.png]
[aiic.vn/wp-content/themes/apply/inc/nt-contact/assets/images/ytb.png]
[aiic.vn/wp-content/themes/flatsome/assets/css/icons/fl-icons.eot]
[aiic.vn/wp-content/themes/flatsome/assets/css/icons/fl-icons.ttf]
[aiic.vn/wp-content/themes/flatsome/assets/css/icons/fl-icons.woff]
[aiic.vn/wp-content/themes/flatsome/assets/css/icons/fl-icons.svg]
[aiic.vn/wp-content/themes/flatsome/assets/img/shadow@2x.png]
[aiic.vn/wp-content/themes/flatsome/assets/img/underline.png]
[aiic.vn/wp-content/themes/apply/webfonts/fa-brands-400.eot]
[aiic.vn/wp-content/themes/apply/webfonts/fa-brands-400d41d.eot]
[aiic.vn/wp-content/themes/apply/webfonts/fa-brands-400.woff2]
[aiic.vn/wp-content/themes/apply/webfonts/fa-brands-400.woff]
[aiic.vn/wp-content/themes/apply/webfonts/fa-brands-400.ttf]
[aiic.vn/wp-content/themes/apply/webfonts/fa-brands-400.svg]
[aiic.vn/wp-content/themes/apply/webfonts/fa-regular-400.eot]
[aiic.vn/wp-content/themes/apply/webfonts/fa-regular-400d41d.eot]
[aiic.vn/wp-content/themes/apply/webfonts/fa-regular-400.woff2]
[aiic.vn/wp-content/themes/apply/webfonts/fa-regular-400.woff]
[aiic.vn/wp-content/themes/apply/webfonts/fa-regular-400.ttf]
[aiic.vn/wp-content/themes/apply/webfonts/fa-regular-400.svg]
[aiic.vn/wp-content/themes/apply/webfonts/fa-solid-900.eot]
[aiic.vn/wp-content/themes/apply/webfonts/fa-solid-900d41d.eot]
[aiic.vn/wp-content/themes/apply/webfonts/fa-solid-900.woff]
[aiic.vn/wp-content/themes/apply/webfonts/fa-solid-900.ttf]
[aiic.vn/wp-content/themes/apply/webfonts/fa-solid-900.svg]
[aiic.vn/wp-content/themes/apply/webfonts/SourceSansPro-Bold.ttf]
[aiic.vn/wp-content/themes/apply/webfonts/SourceSansPro-BoldItalic.ttf]
[aiic.vn/wp-content/themes/apply/images/icon-call.jpg]
[aiic.vn/wp-content/themes/apply/images/icon-email.jpg]
[aiic.vn/wp-content/themes/apply/images/icon-website.jpg]
[aiic.vn/wp-content/themes/apply/images/icon-facebook.jpg]
[aiic.vn/wp-content/themes/apply/images/icon-zalo.jpg]
[aiic.vn/wp-content/themes/apply/images/icon-map.jpg]
[aiic.vn/wp-content/themes/apply/images/zalo.png]
[aiic.vn/wp-content/themes/apply/images/background-line.png]
[aiic.vn/wp-content/themes/apply/images/background-line-2.png]
[aiic.vn/wp-content/themes/apply/images/bgr-cam-nhan.png]
[aiic.vn/wp-content/themes/apply/images/bg_ctrinh.png]
[aiic.vn/wp-content/cache/min/1/2ec4f8660e7f562289189909f56ed2d1.css]
[aiic.vn/POST]
[aiic.vn/b.resolvedLink]
[aiic.vn/schema.org/index.html]
[connect.facebook.net/en_US/fbevents.js]
[connect.facebook.net/en_US/fbevents2f15.js]
[aiic.vn/ve-chung-toi/t.src]
[aiic.vn/wp-json/wp/v2/pages/43.json]
[aiic.vn/wp-json/oembed/1.0/embed800d.json]
[aiic.vn/wp-json/oembed/1.0/embedb0a1]
[aiic.vn/wp-content/uploads/2021/04/Group-588.jpg]
[aiic.vn/wp-content/uploads/2021/05/Group-597.png]
[aiic.vn/wp-content/uploads/2021/05/Group-1515.png]
[aiic.vn/wp-content/uploads/2021/05/Group-1514.png]
[aiic.vn/wp-content/uploads/2021/05/Group-1515.jpg]
[aiic.vn/ve-chung-toi/index.html]
[aiic.vn/tuyen-dung-ally/t.src]
[aiic.vn/tuyen-dung-ally/index.html]
[aiic.vn/dau-tu-dinh-cu-chau-au-quoc-tich-caribbean-dien-dau-tu/t.src]
[aiic.vn/wp-json/wp/v2/pages/6142.json]
[aiic.vn/wp-json/oembed/1.0/embed0477.json]
[aiic.vn/wp-json/oembed/1.0/embed65e1]
[aiic.vn/wp-content/uploads/2022/07/Banner-trang-dinh-cu-chau-au-2.jpg]
[aiic.vn/wp-content/uploads/2023/01/ALLY-chau-au-caribbean.png]
[aiic.vn/wp-content/uploads/2022/07/icon_europe-01.svg]
[aiic.vn/wp-content/uploads/2022/07/banner-test-mobile.png]
[aiic.vn/wp-content/uploads/2022/07/test-banner-2.png]
[aiic.vn/wp-content/uploads/2022/03/Group-678.png]
[aiic.vn/wp-content/uploads/2022/07/123.png]
[aiic.vn/wp-content/uploads/2022/07/Group2.png]
[aiic.vn/wp-content/uploads/2022/07/Group22.png]
[aiic.vn/wp-content/uploads/2022/03/newspaper.png]
[aiic.vn/wp-content/uploads/2022/07/asian-businessman-woman-discussing-new-business-project.png]
[aiic.vn/wp-content/uploads/2022/07/Malta-6.jpg]
[aiic.vn/wp-content/uploads/2023/01/saint-lucia.jpg]
[aiic.vn/wp-content/uploads/2022/07/Cyprus-4.jpg]
[aiic.vn/wp-content/uploads/2022/07/Turkey-3.jpg]
[aiic.vn/wp-content/uploads/2022/08/grenada-3.jpg]
[aiic.vn/wp-content/uploads/2023/01/saint-lucia-1.jpg]
[aiic.vn/wp-content/uploads/2022/07/Hinh-demo.jpg]
[aiic.vn/wp-content/uploads/2022/07/Group14.png]
[aiic.vn/wp-content/uploads/2022/07/Group15.png]
[aiic.vn/wp-content/uploads/2023/02/ILISO_CGI_facade-front-entrance-min-scaled.jpg]
[aiic.vn/dinh-cu-bo-dao-nha/index.html]
[aiic.vn/wp-content/uploads/2023/02/Auria_real-photo_exterior-min-scaled.jpg]
[aiic.vn/du-an-can-ho-vida-cyprus.c3.delayed]
[aiic.vn/du-an-biet-thu-aurai-cyprus/index.html]
[aiic.vn/wp-content/uploads/2023/02/Vida_CGI_Block-A_exterior-project-view-min.jpg]
[aiic.vn/du-an-can-ho-vida-cyprus/index.html]
[aiic.vn/wp-content/uploads/2023/02/Lana-Villas_5-6-7_CGI_general-view-2-min.jpg]
[aiic.vn/du-an-biet-thu-lana-cyprus/index.html]
[aiic.vn/wp-content/uploads/2022/07/open-plan-office-wrapped-up-work3.png]
[aiic.vn/du-an-biet-thu-cao-cap-t-code018-athens/index.html]
[aiic.vn/wp-content/uploads/2022/08/DU-AN-CAN-HO-ATHENS-AT0627.jpg]
[aiic.vn/du-an-can-ho-athens-at062/index.html]
[aiic.vn/wp-content/uploads/2022/08/DỰ-ÁN-VILLA-PHÍA-NAM-ATHENS-VARI0181.png]
[aiic.vn/wp-content/uploads/2022/07/bg.png]
[aiic.vn/du-an-villa-phia-nam-athens-vari018/index.html]
[aiic.vn/wp-content/uploads/2022/07/9.-The-xanh-Hy-Lap-3-min.png]
[aiic.vn/wp-content/uploads/2022/07/11.-The-xanh-mat-sau-mau-moi-min.png]
[aiic.vn/wp-content/uploads/2022/08/Bo-Dao-Nha-1.jpg]
[aiic.vn/cau-chuyen-thanh-cong-chi-nghi]
[aiic.vn/wp-content/uploads/2022/07/7.-The-xanh-Hy-Lap-1-min.png]
[aiic.vn/dau-tu-dinh-cu-chau-au-quoc-tich-caribbean-dien-dau-tu/index.html]
[aiic.vn/dinh-cu-hy-lap/t.src]
[aiic.vn/wp-json/wp/v2/pages/5730.json]
[aiic.vn/wp-json/oembed/1.0/embed1696.json]
[aiic.vn/wp-json/oembed/1.0/embed41e4]
[aiic.vn/wp-content/uploads/2022/07/ctdinhcuhylap.png]
[aiic.vn/wp-content/uploads/2022/07/family.svg]
[aiic.vn/wp-content/uploads/2022/07/money-bag.svg]
[aiic.vn/wp-content/uploads/2022/07/Group-1715.svg]
[aiic.vn/wp-content/uploads/2022/07/Group-1718.svg]
[aiic.vn/wp-content/uploads/2022/07/learning.svg]
[aiic.vn/wp-content/uploads/2022/07/tax.svg]
[aiic.vn/wp-content/uploads/2022/07/ALLY-NEW.png]
[aiic.vn/wp-content/uploads/2022/07/ALLY-NEW-1.png]
[aiic.vn/wp-content/uploads/2022/07/sec_whychauau.png]
[aiic.vn/wp-content/uploads/2022/07/icon_gioithieu.svg]
[aiic.vn/wp-content/uploads/2022/07/family-1.svg]
[aiic.vn/wp-content/uploads/2022/07/healthcare-covid19-coronavirus-hand-hearth.svg]
[aiic.vn/wp-content/uploads/2022/07/graduation-cap-world-globe-book-education.svg]
[aiic.vn/wp-content/uploads/2022/07/graph.svg]
[aiic.vn/wp-content/uploads/2022/07/heat-wave.svg]
[aiic.vn/wp-content/uploads/2022/07/canada-12.png]
[aiic.vn/wp-content/uploads/2022/07/canada-12-1.png]
[aiic.vn/wp-content/uploads/2021/05/Thiet-ke-khong-ten.png]
[aiic.vn/cau-chuyen-thanh-cong-anh-hoang]
[aiic.vn/cctc-pvpd]
[aiic.vn/dinh-cu-hy-lap/index.html]
[aiic.vn/dinh-cu-malta/t.src]
[aiic.vn/wp-json/wp/v2/pages/6039.json]
[aiic.vn/wp-json/oembed/1.0/embed605c.json]
[aiic.vn/wp-json/oembed/1.0/embedb5c6]
[aiic.vn/wp-content/uploads/2022/07/malta-1.jpg]
[aiic.vn/wp-content/uploads/2022/07/airplane.png]
[aiic.vn/wp-content/uploads/2022/07/easy-installation-2.png]
[aiic.vn/wp-content/uploads/2022/07/passport.png]
[aiic.vn/wp-content/uploads/2022/07/loan.png]
[aiic.vn/wp-content/uploads/2022/07/dinh-cu-dau-tu-malta.png]
[aiic.vn/wp-content/uploads/2022/07/mobile-dau-tu-dinh-cu-Malta.png]
[aiic.vn/wp-content/uploads/2022/07/Malta-4.jpg]
[aiic.vn/wp-content/uploads/2022/07/icon_malta.svg]
[aiic.vn/wp-content/uploads/2022/07/Malta-2.jpg]
[aiic.vn/wp-content/uploads/2022/07/Malta-5.webp]
[aiic.vn/dinh-cu-malta/index.html]
[aiic.vn/dinh-cu-saint-lucia/t.src]
[aiic.vn/wp-json/wp/v2/pages/7403.json]
[aiic.vn/wp-json/oembed/1.0/embed18e5.json]
[aiic.vn/wp-content/uploads/2023/02/saint-lucia.png]
[aiic.vn/wp-content/uploads/2023/02/saint-lucia-mobile.png]
[aiic.vn/wp-content/uploads/2023/01/Saint-lucia-6.jpg]
[aiic.vn/wp-content/uploads/2022/08/icon_saintkitt.svg]
[aiic.vn/wp-content/uploads/2023/01/SAint-lucia-5.jpg]
[aiic.vn/wp-content/uploads/2023/01/Saint-Lucia-2.jpg]
[aiic.vn/wp-content/uploads/2023/02/qui-trinh-caribbean-scaled.jpg]
[aiic.vn/dinh-cu-saint-lucia/index.html]
[aiic.vn/dinh-cu-dao-sip/t.src]
[aiic.vn/wp-json/wp/v2/pages/6038.json]
[aiic.vn/wp-json/oembed/1.0/embed614f.json]
[aiic.vn/wp-json/oembed/1.0/embedc064]
[aiic.vn/wp-content/uploads/2022/07/Cyprus-6.jpg]
[aiic.vn/wp-content/uploads/2022/07/family-2.svg]
[aiic.vn/wp-content/uploads/2022/07/iteration.png]
[aiic.vn/wp-content/uploads/2022/07/dinh-cu-dau-tu-dao-sip.png]
[aiic.vn/wp-content/uploads/2022/07/mobile-dau-tu-dinh-cu-Dao-Sip.png]
[aiic.vn/wp-content/uploads/2022/07/cyprus-2.jpg]
[aiic.vn/wp-content/uploads/2022/07/icon_cyprus.svg]
[aiic.vn/wp-content/uploads/2022/07/cyprus-1.jpg]
[aiic.vn/wp-content/uploads/2022/07/Cyprus-5.webp]
[aiic.vn/dinh-cu-dao-sip/index.html]
[aiic.vn/dinh-cu-tho-nhi-ky/t.src]
[aiic.vn/wp-json/wp/v2/pages/6040.json]
[aiic.vn/wp-json/oembed/1.0/embed5105.json]
[aiic.vn/wp-json/oembed/1.0/embedf5b9]
[aiic.vn/wp-content/uploads/2022/07/Turkey-2.jpg]
[aiic.vn/wp-content/uploads/2022/07/villa.svg]
[aiic.vn/wp-content/uploads/2022/07/dinh-cu-dau-tu-tho-nhi-ky.png]
[aiic.vn/wp-content/uploads/2022/07/mobile-dau-tu-dinh-cu-Tho-Nhi-Ky.png]
[aiic.vn/wp-content/uploads/2022/07/icon_turkey.svg]
[aiic.vn/wp-content/uploads/2022/07/turkey-4.jpg]
[aiic.vn/wp-content/uploads/2022/07/Turkey-1.jpg]
[aiic.vn/dinh-cu-tho-nhi-ky/index.html]
[aiic.vn/dinh-cu-grenada/t.src]
[aiic.vn/wp-json/wp/v2/pages/6682.json]
[aiic.vn/wp-json/oembed/1.0/embede930.json]
[aiic.vn/wp-json/oembed/1.0/embed5630]
[aiic.vn/wp-content/uploads/2022/08/grenada-5.jpg]
[aiic.vn/wp-content/uploads/2022/08/Grenada-mobile-laptop.png]
[aiic.vn/wp-content/uploads/2022/08/Grenada-mobile.png]
[aiic.vn/wp-content/uploads/2022/08/Grenada-4.jpg]
[aiic.vn/wp-content/uploads/2022/08/icon_grenada.svg]
[aiic.vn/wp-content/uploads/2022/08/grenada-1.jpg]
[aiic.vn/wp-content/uploads/2022/08/Grenada-6.jpg]
[aiic.vn/dinh-cu-grenada/index.html]
[aiic.vn/dinh-cu-canada-dien-tay-nghe/t.src]
[aiic.vn/wp-content/cache/min/1/a15e2edd5ff74108e3f8ec3966fbb13c.css]
[aiic.vn/wp-json/wp/v2/pages/7220.json]
[aiic.vn/wp-json/oembed/1.0/embed0947.json]
[aiic.vn/wp-json/oembed/1.0/embedaf85]
[aiic.vn/wp-content/uploads/2021/07/img_60e160eb44384.png]
[aiic.vn/wp-content/uploads/2022/03/Group-673.png]
[aiic.vn/wp-content/uploads/2022/03/Group-705.png]
[aiic.vn/wp-content/uploads/2022/03/Group-686.png]
[aiic.vn/wp-content/uploads/2022/03/attractive-woman-speaking-with-recruiters-during-j-2021-09-03-01-45-13-utc.png]
[aiic.vn/wp-content/uploads/2022/03/Group-653.png]
[aiic.vn/wp-content/uploads/2022/03/Group-654.png]
[aiic.vn/wp-content/uploads/2022/03/Group-655.png]
[aiic.vn/wp-content/uploads/2022/03/youtube.png]
[aiic.vn/wp-content/uploads/2022/03/EE.jpg]
[aiic.vn/wp-content/uploads/2022/03/BC-PNP.jpg]
[aiic.vn/wp-content/uploads/2022/03/AINP.jpg]
[aiic.vn/wp-content/uploads/2022/03/SINP.jpg]
[aiic.vn/wp-content/uploads/2022/03/PEIPNP.jpg]
[aiic.vn/wp-content/uploads/2022/03/AFIP.jpg]
[aiic.vn/wp-content/uploads/2022/03/WORK-PERMIT.jpg]
[aiic.vn/wp-content/uploads/2022/03/experience.png]
[aiic.vn/wp-content/uploads/2022/03/experience-2.png]
[aiic.vn/wp-content/uploads/2022/03/experience-1.png]
[aiic.vn/wp-content/uploads/2021/07/dinh-cu-Canada-ALLY1-1024x683.jpg]
[aiic.vn/wp-content/uploads/2022/03/chuongtrinhthidiem.jpg]
[aiic.vn/wp-content/uploads/2021/05/Group-230.png]
[aiic.vn/chuong-trinh-dinh-cu-canada-rnip-moi-nhat-2021/index.html]
[aiic.vn/featured_item/carpenter/index.html]
[aiic.vn/featured_item/tires-technician-2/index.html]
[aiic.vn/featured_item/software-engineer/index.html]
[aiic.vn/featured_item/logistics-supervisor/index.html]
[aiic.vn/featured_item/restaurant-manager-3/index.html]
[aiic.vn/featured_item/wholesale-manager/index.html]
[aiic.vn/featured_item/auto-mechanic/index.html]
[aiic.vn/featured_item/blueberry-farmer/index.html]
[aiic.vn/featured_item/admin-office-on/index.html]
[aiic.vn/featured_item/farm-supervisor/index.html]
[aiic.vn/featured_item/apple-farmer/index.html]
[aiic.vn/featured_item/auto-body-shop-worker/index.html]
[aiic.vn/featured_item/bookkeeper-bc/index.html]
[aiic.vn/featured_item/food-supply-worker/index.html]
[aiic.vn/featured_item/graphic-designer/index.html]
[aiic.vn/featured_item/bookkeeper-on/index.html]
[aiic.vn/featured_item/hotel-supervisor-bc/index.html]
[aiic.vn/featured_item/it-hardware/index.html]
[aiic.vn/featured_item/admin-office-ab/index.html]
[aiic.vn/featured_item/maintenance/index.html]
[aiic.vn/featured_item/nanny-2/index.html]
[aiic.vn/featured_item/bookkeeper-ab/index.html]
[aiic.vn/featured_item/bookkeeper-sk/index.html]
[aiic.vn/featured_item/marketing-manager/index.html]
[aiic.vn/featured_item/nail-worker/index.html]
[aiic.vn/featured_item/business-manager/index.html]
[aiic.vn/featured_item/pharmacy-technician/index.html]
[aiic.vn/featured_item/butcher/index.html]
[aiic.vn/featured_item/printing-supervisor/index.html]
[aiic.vn/featured_item/cook-ab/index.html]
[aiic.vn/featured_item/restaurant-manager-2/index.html]
[aiic.vn/featured_item/customer-service-manager/index.html]
[aiic.vn/featured_item/sales-retail-supervisor/index.html]
[aiic.vn/featured_item/food-service-supervisor/index.html]
[aiic.vn/featured_item/server/index.html]
[aiic.vn/featured_item/hr-manager/index.html]
[aiic.vn/featured_item/tires-technician/index.html]
[aiic.vn/featured_item/sales-retail/index.html]
[aiic.vn/featured_item/web-developer-2/index.html]
[aiic.vn/featured_item/electrician/index.html]
[aiic.vn/featured_item/supply-control-co-ordinator/index.html]
[aiic.vn/featured_item/farm-worker/index.html]
[aiic.vn/featured_item/truck-driver/index.html]
[aiic.vn/featured_item/food-service-supervisor-2/index.html]
[aiic.vn/featured_item/graphic-designer-2/index.html]
[aiic.vn/featured_item/marketing-manager-2/index.html]
[aiic.vn/featured_item/office-manager/index.html]
[aiic.vn/featured_item/pharmacy-technician-2/index.html]
[aiic.vn/featured_item/plumber/index.html]
[aiic.vn/featured_item/property-manager/index.html]
[aiic.vn/featured_item/retail-manager/index.html]
[aiic.vn/featured_item/sales-retail-supervisor-2/index.html]
[aiic.vn/featured_item/tilesetter/index.html]
[aiic.vn/featured_item/video-editor/index.html]
[aiic.vn/featured_item/warehouse-manager/index.html]
[aiic.vn/featured_item/logistic-supervisor/index.html]
[aiic.vn/featured_item/cleaner/index.html]
[aiic.vn/featured_item/cook-3/index.html]
[aiic.vn/featured_item/cook-mb/index.html]
[aiic.vn/featured_item/mushroom-farmer/index.html]
[aiic.vn/featured_item/cook-sk/index.html]
[aiic.vn/featured_item/finance-manager-2/index.html]
[aiic.vn/featured_item/food-service-supervisor-3/index.html]
[aiic.vn/featured_item/bookeeper/index.html]
[aiic.vn/featured_item/admin-office-bc/index.html]
[aiic.vn/featured_item/business-development-manager/index.html]
[aiic.vn/featured_item/business-development-officier/index.html]
[aiic.vn/featured_item/cad-designer/index.html]
[aiic.vn/featured_item/pizza-maker/index.html]
[aiic.vn/featured_item/construction-manager/index.html]
[aiic.vn/featured_item/pharmacy-assistant/index.html]
[aiic.vn/featured_item/computer-science/index.html]
[aiic.vn/featured_item/cake-decorator/index.html]
[aiic.vn/featured_item/construction-supervisor/index.html]
[aiic.vn/featured_item/cook-bc/index.html]
[aiic.vn/featured_item/digital-marketing/index.html]
[aiic.vn/featured_item/fashion-designer/index.html]
[aiic.vn/featured_item/finance-manager/index.html]
[aiic.vn/featured_item/front-desk-manager/index.html]
[aiic.vn/featured_item/general-manager/index.html]
[aiic.vn/featured_item/purchasing-manager/index.html]
[aiic.vn/featured_item/restaurant-manager/index.html]
[aiic.vn/featured_item/sales-manager/index.html]
[aiic.vn/featured_item/software/index.html]
[aiic.vn/wp-content/uploads/2022/10/Carpenter-BC.jpg]
[aiic.vn/featured_item/web-developer/index.html]
[aiic.vn/featured_item/nanny/index.html]
[aiic.vn/wp-content/uploads/2022/10/Tires-Technician-BC.jpg]
[aiic.vn/wp-content/uploads/2022/10/Software-Engineer-BC.jpg]
[aiic.vn/wp-content/uploads/2022/10/Logistics-Supervisor-Manitoba.jpg]
[aiic.vn/wp-content/uploads/2021/07/Restaurant-Manager-SK.jpg]
[aiic.vn/wp-content/uploads/2021/05/Wholesale-Manager-BC-1.jpg]
[aiic.vn/wp-content/uploads/2021/07/Mechanic-SK.jpg]
[aiic.vn/wp-content/uploads/2021/05/Blueberry-Farmer-PEI-2-1.jpg]
[aiic.vn/wp-content/uploads/2021/05/Admin-Office-Ontario-1.jpg]
[aiic.vn/wp-content/uploads/2021/07/Farm-Supervisor-PEI.jpg]
[aiic.vn/wp-content/uploads/2021/05/Apple-Farmer-PEI-1.jpg]
[aiic.vn/wp-content/uploads/2021/05/Auto-Body-Shop-Worker-Alberta-1.jpg]
[aiic.vn/wp-content/uploads/2021/05/Bookkeeper-BC-1.jpg]
[aiic.vn/wp-content/uploads/2021/05/Food-Supply-Worker-Alberta-1.jpg]
[aiic.vn/wp-content/uploads/2021/05/Graphic-Designer-Alberta-1.jpg]
[aiic.vn/wp-content/uploads/2021/05/Bookkeeper-Ontario-1.jpg]
[aiic.vn/wp-content/uploads/2021/07/Hotel-Supervisor-British-Columbia-1.jpg]
[aiic.vn/wp-content/uploads/2021/05/IT-Hardware-Alberta-1.jpg]
[aiic.vn/wp-content/uploads/2021/07/Admin-Office-Alberta.jpg]
[aiic.vn/wp-content/uploads/2021/05/Maintenance-Alberta-1.jpg]
[aiic.vn/wp-content/uploads/2021/07/Nanny-BC.jpg]
[aiic.vn/wp-content/uploads/2021/07/Bookkeeper-Alberta.jpg]
[aiic.vn/wp-content/uploads/2021/07/Bookkeeper-SK.jpg]
[aiic.vn/wp-content/uploads/2021/05/Marketing-Manager-Alberta-1.jpg]
[aiic.vn/wp-content/uploads/2021/05/Nail-Worker-Alberta-1.jpg]
[aiic.vn/wp-content/uploads/2021/05/Business-Manager-Alberta.jpg]
[aiic.vn/wp-content/uploads/2021/05/Pharmacy-Technician-Alberta-1.jpg]
[aiic.vn/wp-content/uploads/2021/05/Butcher-Alberta-1.jpg]
[aiic.vn/wp-content/uploads/2021/05/Printing-Supervisor-Alberta-1.jpg]
[aiic.vn/wp-content/uploads/2021/05/Cook-Alberta-1.jpg]
[aiic.vn/wp-content/uploads/2021/05/Restaurant-manager-Alberta-1.jpg]
[aiic.vn/wp-content/uploads/2021/05/Customer-Service-Manager-Alberta-1.jpg]
[aiic.vn/wp-content/uploads/2021/05/Sales-Retail-Supervisor-Alberta-1.jpg]
[aiic.vn/wp-content/uploads/2021/05/Food-Service-Supervisor-Alberta-1.jpg]
[aiic.vn/wp-content/uploads/2021/05/Server-Alberta-1.jpg]
[aiic.vn/wp-content/uploads/2021/05/HR-Manager-Alberta-1.jpg]
[aiic.vn/wp-content/uploads/2021/05/Tires-Technician-Alberta-1.jpg]
[aiic.vn/wp-content/uploads/2021/05/Sales-Retail-Alberta-1.jpg]
[aiic.vn/wp-content/uploads/2021/05/Web-Developer-Alberta-1.jpg]
[aiic.vn/wp-content/uploads/2021/05/Electrician-BC-1.jpg]
[aiic.vn/wp-content/uploads/2021/05/Supply-Control-Co-Ordinator-Alberta-1.jpg]
[aiic.vn/wp-content/uploads/2021/05/Farm-Worker-BC-1.jpg]
[aiic.vn/wp-content/uploads/2021/05/Truck-Driver-Alberta-1.jpg]
[aiic.vn/wp-content/uploads/2021/05/Food-Service-Supervisor-BC-1.jpg]
[aiic.vn/wp-content/uploads/2021/05/Graphic-Designer-BC-1.jpg]
[aiic.vn/wp-content/uploads/2021/05/Marketing-Manager-BC-1.jpg]
[aiic.vn/wp-content/uploads/2021/05/Office-Manager-BC-1.jpg]
[aiic.vn/wp-content/uploads/2021/05/Pharmacy-Technician-BC-1.jpg]
[aiic.vn/wp-content/uploads/2021/05/Plumber-BC-1.jpg]
[aiic.vn/wp-content/uploads/2021/05/Property-Manager-BC-1.jpg]
[aiic.vn/wp-content/uploads/2021/05/Retail-Manager-BC-1.jpg]
[aiic.vn/wp-content/uploads/2021/05/Sales-Retail-Supervisor-BC-1.jpg]
[aiic.vn/wp-content/uploads/2021/05/Tilesetter-BC-1.jpg]
[aiic.vn/wp-content/uploads/2021/05/Video-Editor-BC-1.jpg]
[aiic.vn/wp-content/uploads/2021/05/Warehouse-Manager-BC-1.jpg]
[aiic.vn/wp-content/uploads/2021/05/Logistic-Supervisor-BC-1.jpg]
[aiic.vn/wp-content/uploads/2021/05/Cleaner-BC.jpg]
[aiic.vn/wp-content/uploads/2021/05/Cook-Ontario-1.jpg]
[aiic.vn/wp-content/uploads/2021/05/Cook-Manitoba-1.jpg]
[aiic.vn/wp-content/uploads/2021/05/Mushroom-Farmer-BC-1.jpg]
[aiic.vn/wp-content/uploads/2021/05/Cook-SK-1.jpg]
[aiic.vn/wp-content/uploads/2021/05/Finance-Manager-SK-2.jpg]
[aiic.vn/wp-content/uploads/2021/05/Food-Service-Supervisor-SK-1.jpg]
[aiic.vn/wp-content/uploads/2021/05/Bookkeeper-BC-2-1.jpg]
[aiic.vn/wp-content/uploads/2021/04/Admin-Office-BC.jpg]
[aiic.vn/wp-content/uploads/2021/05/Business-Development-Manager-BC-1.jpg]
[aiic.vn/wp-content/uploads/2021/05/Business-Development-Officier-BC-1.jpg]
[aiic.vn/wp-content/uploads/2021/05/CAD-Designer-BC-1.jpg]
[aiic.vn/wp-content/uploads/2021/07/Pizza-Maker-BC-1.jpg]
[aiic.vn/wp-content/uploads/2021/05/Construction-Manager-BC-1.jpg]
[aiic.vn/wp-content/uploads/2021/07/Pharmacy-Technician-BC.jpg]
[aiic.vn/wp-content/uploads/2021/05/Computer-Science-BC-1.jpg]
[aiic.vn/wp-content/uploads/2021/07/Cake-Decorator-BC-1.jpg]
[aiic.vn/wp-content/uploads/2021/05/Construction-Supervisor-BC-1.jpg]
[aiic.vn/wp-content/uploads/2021/05/Cook-BC-1.jpg]
[aiic.vn/wp-content/uploads/2021/05/Digital-Marketing-BC-1.jpg]
[aiic.vn/wp-content/uploads/2021/05/Fashion-Designer-BC-1.jpg]
[aiic.vn/wp-content/uploads/2021/05/Finance-Manager-BC-1.jpg]
[aiic.vn/wp-content/uploads/2021/05/Front-Desk-Manager-BC-1.jpg]
[aiic.vn/wp-content/uploads/2021/05/General-Manager-BC-1.jpg]
[aiic.vn/wp-content/uploads/2021/05/Purchasing-Manager-BC-1.jpg]
[aiic.vn/wp-content/uploads/2021/05/Restaurant-Manager-BC-1.jpg]
[aiic.vn/wp-content/uploads/2021/05/Sales-Manager-BC-2.jpg]
[aiic.vn/wp-content/uploads/2021/05/Software-BC-1.jpg]
[aiic.vn/wp-content/uploads/2021/05/Web-Developer-BC-1.jpg]
[aiic.vn/wp-content/uploads/2021/07/Nanny-BC-1.jpg]
[aiic.vn/wp-content/uploads/2022/12/students-canada.jpg]
[aiic.vn/wp-content/uploads/2021/06/img_60d6fca4afcd7-1024x576.jpg]
[aiic.vn/wp-content/uploads/2022/12/Asia-family.jpg]
[aiic.vn/wp-content/plugins/easy-table-of-contents/assets/js/smooth_scroll.mine0f7.js]
[aiic.vn/wp-content/plugins/easy-table-of-contents/vendor/js-cookie/js.cookie.min77e6.js]
[aiic.vn/di-dinh-cu-canada-duoc-mang-bao-nhieu-tien-neu-mang-qua-nhieu-thi-sao/index.html]
[aiic.vn/wp-content/plugins/easy-table-of-contents/vendor/sticky-kit/jquery.sticky-kit.min2c00.js]
[aiic.vn/wp-content/plugins/easy-table-of-contents/assets/js/front.min6d6a.js]
[aiic.vn/dinh-cu-canada-dien-tay-nghe/index.html]
[aiic.vn/wp-content/themes/flatsome/assets/libs/isotope.pkgd.min0fa4.js]
[aiic.vn/canada-co-bao-nhieu-tinh-bang-bang-nao-de-dinh-cu-nhat/index.html]
[aiic.vn/chuong-trinh-express-entry-ee/t.src]
[aiic.vn/wp-json/wp/v2/pages/1917.json]
[aiic.vn/wp-json/oembed/1.0/embed7f36.json]
[aiic.vn/wp-json/oembed/1.0/embed7456]
[aiic.vn/wp-content/uploads/2021/04/Group-589.jpg]
[aiic.vn/wp-content/uploads/2021/05/Express-Entry-scaled.jpg]
[aiic.vn/wp-content/uploads/2021/04/search.png]
[aiic.vn/wp-content/uploads/2021/04/Group-537.png]
[aiic.vn/wp-content/uploads/2021/05/Group-1516.png]
[aiic.vn/wp-content/uploads/2021/05/Group-1515-1.png]
[aiic.vn/wp-content/uploads/2021/04/Group-588-2.png]
[aiic.vn/wp-content/uploads/2021/05/quy-trinh-EE.png]
[aiic.vn/wp-content/uploads/2021/04/Group-5828.png]
[aiic.vn/wp-content/uploads/2021/05/Group-1534.png]
[aiic.vn/wp-content/uploads/2021/05/appraisal-form.png]
[aiic.vn/wp-content/uploads/2021/05/Group-1535.png]
[aiic.vn/wp-content/uploads/2021/05/document.png]
[aiic.vn/wp-content/uploads/2021/05/Group-1536.png]
[aiic.vn/wp-content/uploads/2021/05/headhunting.png]
[aiic.vn/wp-content/uploads/2021/05/Group-1537.png]
[aiic.vn/wp-content/uploads/2021/05/email.png]
[aiic.vn/wp-content/uploads/2021/05/Group-1538.png]
[aiic.vn/wp-content/uploads/2021/05/certificate.png]
[aiic.vn/wp-content/uploads/2021/05/Group-1534-1.png]
[aiic.vn/wp-content/uploads/2021/05/files.png]
[aiic.vn/wp-content/uploads/2021/05/Group-1540.png]
[aiic.vn/wp-content/uploads/2021/05/receive-mail.png]
[aiic.vn/wp-content/uploads/2021/04/group-people-working-out-business-plan-office.jpg]
[aiic.vn/wp-content/uploads/2021/05/tien-do-EE.png]
[aiic.vn/chuong-trinh-express-entry-ee/index.html]
[aiic.vn/chuong-trinh-work-permit-wp/t.src]
[aiic.vn/wp-json/wp/v2/pages/1933.json]
[aiic.vn/wp-json/oembed/1.0/embed506b.json]
[aiic.vn/wp-json/oembed/1.0/embed01b3]
[aiic.vn/wp-content/uploads/2021/05/happy-family-3.jpg]
[aiic.vn/wp-content/uploads/2021/05/quy-trinh-WP-04.png]
[aiic.vn/wp-content/uploads/2021/05/tien-do-thanh-toan-WP-02.png]
[aiic.vn/chuong-trinh-work-permit-wp/index.html]
[aiic.vn/chuong-trinh-de-cu-tinh-bang-british-columbia-bc-pnp/t.src]
[aiic.vn/wp-json/wp/v2/pages/744.json]
[aiic.vn/wp-json/oembed/1.0/embed4787.json]
[aiic.vn/wp-json/oembed/1.0/embed9ed0]
[aiic.vn/wp-content/uploads/2021/04/asian-businessman-woman-discussing-new-business-project.png]
[aiic.vn/wp-content/uploads/2021/05/Thiet-ke-khong-ten-5.png]
[aiic.vn/wp-content/uploads/2021/05/quy-trinh-BC_Artboard-1.png]
[aiic.vn/wp-content/uploads/2021/05/paper.png]
[aiic.vn/wp-content/uploads/2021/05/resume.png]
[aiic.vn/wp-content/uploads/2021/05/Group-1541.png]
[aiic.vn/gioi-thieu-tinh-bang/british-columbia/index.html]
[aiic.vn/wp-content/uploads/2021/05/Group-1536-1.png]
[aiic.vn/wp-content/uploads/2021/05/tien-do-thanh-toan-BC-01.png]
[aiic.vn/chuong-trinh-de-cu-tinh-bang-british-columbia-bc-pnp/index.html]
[aiic.vn/chuong-trinh-de-cu-tinh-bang-alberta-ainp/t.src]
[aiic.vn/wp-json/wp/v2/pages/746.json]
[aiic.vn/chuong-trinh-de-cu-tinh-bang-alberta-ainp/feed/index.html]
[aiic.vn/wp-json/oembed/1.0/embed4bff.json]
[aiic.vn/wp-json/oembed/1.0/embedafe8]
[aiic.vn/wp-content/uploads/2021/05/Thiet-ke-khong-ten-10.png]
[aiic.vn/wp-content/uploads/2021/05/Thiet-ke-khong-ten-6.png]
[aiic.vn/wp-content/uploads/2021/05/quy-trinh-AB_Artboard-1.png]
[aiic.vn/wp-content/uploads/2021/05/10.png]
[aiic.vn/gioi-thieu-tinh-bang/alberta/index.html]
[aiic.vn/wp-content/uploads/2021/05/tien-do-thanh-toan-AB-01-03.png]
[aiic.vn/chuong-trinh-de-cu-tinh-bang-alberta-ainp/index.html]
[aiic.vn/chuong-trinh-de-cu-tinh-bang-saskatchewan-sinp/t.src]
[aiic.vn/wp-json/wp/v2/pages/1887.json]
[aiic.vn/wp-json/oembed/1.0/embedcac5]
[aiic.vn/wp-content/uploads/2021/05/happy-family-2.jpg]
[aiic.vn/wp-content/uploads/2021/05/Saskatchewan.jpg]
[aiic.vn/wp-content/uploads/2021/05/quy-trinh-SK_Artboard-1.png]
[aiic.vn/gioi-thieu-tinh-bang/saskatchewan/index.html]
[aiic.vn/wp-content/uploads/2021/05/tien-do-thanh-toan-SK-01.png]
[aiic.vn/chuong-trinh-de-cu-tinh-bang-saskatchewan-sinp/index.html]
[aiic.vn/chuong-trinh-de-cu-tinh-bang-manitoba-mpnp/t.src]
[aiic.vn/wp-json/wp/v2/pages/1691.json]
[aiic.vn/wp-json/oembed/1.0/embedf541.json]
[aiic.vn/wp-json/oembed/1.0/embed7a52]
[aiic.vn/wp-content/uploads/2021/05/family-happy.jpg]
[aiic.vn/wp-content/uploads/2021/05/home-slider-investment-960x450-1.jpg]
[aiic.vn/wp-content/uploads/2021/05/quy-trinh-MB_Artboard-1.png]
[aiic.vn/gioi-thieu-tinh-bang/manitoba/index.html]
[aiic.vn/wp-content/uploads/2021/05/tien-do-thanh-toan-MB-01.png]
[aiic.vn/chuong-trinh-de-cu-tinh-bang-manitoba-mpnp/index.html]
[aiic.vn/chuong-trinh-de-cu-tinh-bang-prince-edward-island-peipnp/t.src]
[aiic.vn/wp-json/wp/v2/pages/432.json]
[aiic.vn/wp-json/oembed/1.0/embed680a.json]
[aiic.vn/wp-json/oembed/1.0/embed009f]
[aiic.vn/wp-content/uploads/2021/06/pei-happy-family-scaled.jpg]
[aiic.vn/wp-content/uploads/2021/06/PEI-scaled.jpg]
[aiic.vn/wp-content/uploads/2021/05/quy-trinh-PEI_Artboard-1.png]
[aiic.vn/gioi-thieu-tinh-bang/prince-edward-island/index.html]
[aiic.vn/wp-content/uploads/2021/05/tien-do-thanh-toan-PEI-01.png]
[aiic.vn/chuong-trinh-de-cu-tinh-bang-prince-edward-island-peipnp/index.html]
[aiic.vn/chuong-trinh-thi-diem-nong-nghiep-thuc-pham-afip/t.src]
[aiic.vn/wp-json/wp/v2/pages/748.json]
[aiic.vn/wp-json/oembed/1.0/embed586b.json]
[aiic.vn/wp-json/oembed/1.0/embed6ab6]
[aiic.vn/wp-content/uploads/2021/05/Thiet-ke-khong-ten-12.png]
[aiic.vn/wp-content/uploads/2021/05/quy-trinh-AFIP-02.png]
[aiic.vn/wp-content/uploads/2021/05/tien-do-thanh-toan-AFIP-01.png]
[aiic.vn/chuong-trinh-thi-diem-nong-nghiep-thuc-pham-afip/index.html]
[aiic.vn/chuong-trinh-thi-diem-caregiver/t.src]
[aiic.vn/wp-json/wp/v2/pages/750.json]
[aiic.vn/wp-json/oembed/1.0/embed7d5c.json]
[aiic.vn/wp-json/oembed/1.0/embed21dc]
[aiic.vn/wp-content/uploads/2021/05/Thiet-ke-khong-ten-11.png]
[aiic.vn/wp-content/uploads/2021/05/quy-trinh-Caregivers-03.png]
[aiic.vn/wp-content/uploads/2021/05/tien-do-thanh-toan-Caregivers-02.png]
[aiic.vn/chuong-trinh-thi-diem-caregiver/index.html]
[aiic.vn/thong-tin-chuong-trinh/ve-canada/t.src]
[aiic.vn/wp-json/wp/v2/pages/405.json]
[aiic.vn/wp-json/oembed/1.0/embed01e8.json]
[aiic.vn/wp-json/oembed/1.0/embeda1a5]
[aiic.vn/wp-content/uploads/2021/04/Group-588-2.jpg]
[aiic.vn/wp-content/uploads/2021/03/happy-senior-asian-woman-cycling-bicycles-with-daughter-public-park.jpg]
[aiic.vn/wp-content/uploads/2021/05/dinh-cu-Canada-Ally.jpg]
[aiic.vn/wp-content/uploads/2021/04/confident-asian-female-doctor-sitting-office-desk-smiling-camera.png]
[aiic.vn/wp-content/uploads/2021/04/portrait-group-students-celebrating-their-graduation.png]
[aiic.vn/wp-content/uploads/2021/04/coin-money-wooden-table-text-tax-save-with-blur-background-1.png]
[aiic.vn/wp-content/uploads/2021/07/img_60f7f08020755-500x334.png]
[aiic.vn/wp-content/uploads/2021/07/img_60fff2669b95c-500x375.png]
[aiic.vn/wp-content/uploads/2021/07/img_60f678d543dc9-500x259.png]
[aiic.vn/wp-content/uploads/2021/06/bc-pnp-500x310.png]
[aiic.vn/wp-content/uploads/2021/06/Chuong-trinh-de-cu-tinh-bang-PEI-500x333.jpg]
[aiic.vn/wp-content/uploads/2021/08/img_6108bb95bf167-500x333.png]
[aiic.vn/thong-tin-chuong-trinh/ve-canada/index.html]
[aiic.vn/he-thong-y-te-va-cac-loai-bao-hiem-can-thiet-tai-canada/index.html]
[aiic.vn/he-thong-giao-duc-noi-tieng-chat-luong-bac-nhat-tai-canada/index.html]
[aiic.vn/gioi-thieu-tinh-bang/t.src]
[aiic.vn/top-5-cach-dinh-cu-canada-ty-le-thanh-cong-cao-it-chi-phi/index.html]
[aiic.vn/cac-dieu-kien-lay-quoc-tich-canada-moi-nhat-hien-nay/index.html]
[aiic.vn/top-10-viec-lam-hot-giup-de-dinh-cu-canada-2021/index.html]
[aiic.vn/tong-quan-ve-cac-chuong-trinh-de-cu-tinh-bang-british-columbia-bc-pnp/index.html]
[aiic.vn/wp-json/wp/v2/pages/613.json]
[aiic.vn/tong-quan-ve-chuong-trinh-de-cu-tinh-bang-prince-edward-island-peipnp/index.html]
[aiic.vn/wp-json/oembed/1.0/embed474f.json]
[aiic.vn/wp-json/oembed/1.0/embed3df0]
[aiic.vn/wp-content/uploads/2021/04/Group-588-3.jpg]
[aiic.vn/wp-content/uploads/2021/05/Group-1513.png]
[aiic.vn/wp-content/uploads/2021/05/du-hoc-canada-theo-vung-mien-alberta.jpg]
[aiic.vn/wp-content/uploads/2021/05/british-columbia-lnc-global-0.jpg]
[aiic.vn/wp-content/uploads/2021/05/fredericto-new-brunswick-min-1547025426790.jpg]
[aiic.vn/wp-content/uploads/2021/05/tr7qwe0rqlx11.jpg]
[aiic.vn/wp-content/uploads/2021/05/nova-scotia-feature.jpg]
[aiic.vn/wp-content/uploads/2021/05/chuyen-phat-nhanh-tu-Can-Tho-di-Ontario.jpg]
[aiic.vn/gioi-thieu-tinh-bang/new-brunswick/index.html]
[aiic.vn/gioi-thieu-tinh-bang/newfoundland-and-labrador/index.html]
[aiic.vn/wp-content/uploads/2021/05/chinh-sach-dinh-cu-bang-Prince-Edward-Island-uu-tien-cong-nhan-co-tay-nghe-cao.jpg]
[aiic.vn/gioi-thieu-tinh-bang/nova-scotia/index.html]
[aiic.vn/gioi-thieu-tinh-bang/Ontario/index.html]
[aiic.vn/wp-content/uploads/2021/05/2020-muon-dinh-cu-quebec-di-dan-phai-thi-dau-bai-kiem-tra-gia-tri.jpg]
[aiic.vn/gioi-thieu-tinh-bang/Quebec/index.html]
[aiic.vn/gioi-thieu-tinh-bang/quebec/index-2.html]
[aiic.vn/gioi-thieu-tinh-bang/Saskatchewan/index-2.html]
[aiic.vn/gioi-thieu-tinh-bang/index.html]
[aiic.vn/thong-tin-chuong-trinh/t.src]
[aiic.vn/wp-json/wp/v2/pages/619.json]
[aiic.vn/wp-json/oembed/1.0/embed3afe.json]
[aiic.vn/wp-json/oembed/1.0/embed54aa]
[aiic.vn/wp-content/uploads/2021/04/Group-588-4.jpg]
[aiic.vn/hoi-dap-chuong-trinh-dinh-cu-canada-dien-vo-chong-la-gi/index.html]
[aiic.vn/chuong-trinh-dinh-cu-canada-ca-gia-dinh-tu-a-z-nam-2021/index.html]
[aiic.vn/wp-content/uploads/2021/07/img_60e6da51304a1-500x333.png]
[aiic.vn/chuong-trinh-du-hoc-dinh-cu-canada-chi-phi-va-co-hoi-viec-lam/index.html]
[aiic.vn/wp-content/uploads/2021/07/img_60ffefc832428-500x391.png]
[aiic.vn/wp-content/uploads/2021/07/img_60e6de292c51d-500x333.jpg]
[aiic.vn/wp-content/uploads/2021/06/chuong-trinh-de-cu-tinh-bang-Manitoba-500x320.jpg]
[aiic.vn/wp-content/uploads/2021/06/chuong-trinh-de-cu-tinh-bang-Alberta-500x333.jpg]
[aiic.vn/wp-content/uploads/2021/06/chuong-trinh-sinp_saskatchewan-500x333.jpg]
[aiic.vn/wp-content/uploads/2021/05/pnp-canada-ally-500x281.jpg]
[aiic.vn/dieu-kien-dinh-cu-canada-dien-pnp-nam-2023/index.html]
[aiic.vn/thong-tin-chuong-trinh/index.html]
[aiic.vn/noc-la-gi-danh-sach-nghe-dinh-cu-canada-moi-nhat-hien-nay/index.html]
[aiic.vn/chuyen-muc/tin-tuc/t.src]
[aiic.vn/chi-tiet-ve-chuong-trinh-de-cu-tinh-bang-manitoba-mpnp/index.html]
[aiic.vn/chi-tiet-chuong-trinh-dinh-cu-dien-de-cu-tinh-bang-alberta-canada/index.html]
[aiic.vn/thong-tin-chung-ve-de-cu-tinh-bang-saskatchewan-sinp/index.html]
[aiic.vn/wp-json/wp/v2/categories/1.json]
[aiic.vn/wp-content/uploads/2024/02/PTE-bai-viet.png]
[aiic.vn/tong-hop-cac-chuong-trinh-thi-diem-moi-nhat-tai-canada-update-2021/index.html]
[aiic.vn/chuyen-muc/tin-tuc/feed/index.html]
[aiic.vn/chuyen-muc/tin-tuc/page/2/index.html]
[aiic.vn/wp-content/uploads/2023/06/img_6482cab9eac63.png]
[aiic.vn/breaking-news-ircc-gio-day-da-chap-nhan-ky-thi-pte-pearson-test-of-english-cho-dien-viec-lam-dinh-cu-canada/index.html]
[aiic.vn/wp-content/uploads/2023/12/hoi-thao-15122023-1-scaled.jpg]
[aiic.vn/bang-quy-doi-diem-ielts-sang-clb-canada/index.html]
[aiic.vn/wp-content/uploads/2023/10/banner-hoi-thao-full-scaled.jpg]
[aiic.vn/wp-content/uploads/2023/09/Hoi-thao-moi-post-scaled.jpg]
[aiic.vn/hoi-thao-nhung-yeu-to-de-dinh-cu-canada-thanh-cong/index.html]
[aiic.vn/wp-content/uploads/2023/08/img_64dca7476f302.png]
[aiic.vn/hoi-thao-co-hoi-ngan-vang-lay-the-xanh-de-dang/index.html]
[aiic.vn/🇨🇦-hoi-thao-canada-chop-thoi-co-vanglay-pr-de-dang-🇨🇦/index.html]
[aiic.vn/chuyen-muc/tin-tuc/index.html]
[aiic.vn/wp-includes/js/wp-embed.min84fc.js]
[aiic.vn/du-hoc-dinh-cu-canada-va-cac-chinh-sach-dinh-cu-sau-tot-nghiep/index.html]
[aiic.vn/chuyen-muc/tin-tuc/page/3/index.html]
[aiic.vn/chuyen-muc/cau-chuyen-thanh-cong/t.src]
[aiic.vn/chuyen-muc/tin-tuc/page/4/index.html]
[aiic.vn/chuyen-muc/tin-tuc/page/27/index.html]
[aiic.vn/chuyen-muc/cau-chuyen-thanh-cong/page/2/index.html]
[aiic.vn/wp-json/wp/v2/categories/102.json]
[aiic.vn/wp-content/uploads/2021/04/Group-588-5.jpg]
[aiic.vn/wp-content/uploads/2023/12/khtc-4.jpg]
[aiic.vn/chuyen-muc/cau-chuyen-thanh-cong/feed/index.html]
[aiic.vn/wp-content/uploads/2023/11/PPR-NVD.jpg]
[aiic.vn/wp-content/uploads/2023/11/o2.jpg]
[aiic.vn/wp-content/uploads/2023/11/dvq5-e1700556633211.jpg]
[aiic.vn/chi-t-t-h-n-hai-phong/index.html]
[aiic.vn/wp-content/uploads/2023/10/ho1.jpg]
[aiic.vn/wp-content/uploads/2023/10/a-Phon-2.jpg]
[aiic.vn/chuyen-muc/cau-chuyen-thanh-cong/index.html]
[aiic.vn/anh-n-v-dung-hue/index.html]
[aiic.vn/anh-d-v-q-hue/index.html]
[aiic.vn/cap-nhat-tinh-hinh-chi-n-p-h-oanh-o-canada/index.html]
[aiic.vn/chi-n-p-h-oanh-an-giang/index.html]
[aiic.vn/lien-he/t.src]
[aiic.vn/anh-t-h-dang-hcm-2/index.html]
[aiic.vn/chuyen-muc/cau-chuyen-thanh-cong/page/3/index.html]
[aiic.vn/chuyen-muc/cau-chuyen-thanh-cong/page/4/index.html]
[aiic.vn/chuyen-muc/cau-chuyen-thanh-cong/page/9/index.html]
[aiic.vn/wp-json/wp/v2/pages/41.json]
[aiic.vn/wp-json/oembed/1.0/embed2114.json]
[aiic.vn/wp-json/oembed/1.0/embed1a1e]
[aiic.vn/wp-content/uploads/2021/04/Group-588-6.jpg]
[aiic.vn/wp-content/uploads/2021/04/Ho-Chi-Minh-City-1.jpg]
[aiic.vn/wp-content/uploads/2021/04/bmt0ft3_636837503774796220.png]
[aiic.vn/lien-he/index.html]
[aiic.vn/thu-tuong-justin-trudeau-tai-dac-cu-thoi-diem-vang-de-ban-va-gia-dinh-hien-thuc-hoa-giac-mo-dinh-cu-canada-day-roi/t.src]
[aiic.vn/wp-json/wp/v2/posts/3688.json]
[aiic.vn/wp-json/oembed/1.0/embed862d.json]
[aiic.vn/wp-json/oembed/1.0/embed71cb]
[aiic.vn/wp-content/uploads/2021/09/img_6152e7112bc91.png]
[aiic.vn/wp-content/uploads/2021/09/img_6152e710adbbf.png]
[aiic.vn/wp-content/uploads/2021/08/img_6114d510d4a7d-500x281.jpg]
[aiic.vn/thu-tuong-justin-trudeau-tai-dac-cu-thoi-diem-vang-de-ban-va-gia-dinh-hien-thuc-hoa-giac-mo-dinh-cu-canada-day-roi/feed/index.html]
[aiic.vn/wp-content/uploads/2021/07/img_60f6770f084bc-500x333.png]
[aiic.vn/wp-content/uploads/2023/07/img_64ad0bcdaf85c.jpg]
[aiic.vn/wp-content/uploads/2023/07/img_64ad0b6b53d4b.jpg]
[aiic.vn/thu-tuong-justin-trudeau-tai-dac-cu-thoi-diem-vang-de-ban-va-gia-dinh-hien-thuc-hoa-giac-mo-dinh-cu-canada-day-roi/index.html]
[aiic.vn/wp-content/uploads/2022/07/equality.svg]
[aiic.vn/quoc-tich-la-gi-quy-dinh-cua-phap-luat-ve-quoc-tich/index.html]
[aiic.vn/wp-content/uploads/2022/07/medal.svg]
[aiic.vn/author/duychn/index.html]
[aiic.vn/wp-content/uploads/2022/07/increase.svg]
[aiic.vn/dinh-cu-canada-dien-tay-nghe/chuong-trinh-express-entry-ee/index.html]
[aiic.vn/dinh-cu-canada-dien-tay-nghe/chuong-trinh-de-cu-tinh-bang-british-columbia-bc-pnp/index.html]
[aiic.vn/dinh-cu-canada-dien-tay-nghe/chuong-trinh-de-cu-tinh-bang-alberta-ainp/index.html]
[aiic.vn/dinh-cu-canada-dien-tay-nghe/chuong-trinh-work-permit-wp/index.html]
[aiic.vn/cac-nuoc-chap-nhan-2-quoc-tich-va-mot-so-luu-y-can-biet/index.html]
[aiic.vn/cau-chuyen-thanh-cong-chi-mai/t.src]
[aiic.vn/wp-json/wp/v2/posts/3452.json]
[aiic.vn/cau-chuyen-thanh-cong-chi-mai/feed/index.html]
[aiic.vn/wp-json/oembed/1.0/embede979.json]
[aiic.vn/wp-json/oembed/1.0/embedc2a6]
[aiic.vn/wp-content/uploads/2021/05/0002-724x1024.jpg]
[aiic.vn/wp-content/uploads/2021/05/0002-scaled.jpg]
[aiic.vn/wp-content/uploads/2021/05/0008-724x1024.jpg]
[aiic.vn/wp-content/uploads/2021/05/0008-scaled.jpg]
[aiic.vn/wp-content/uploads/2021/05/0013-724x1024.jpg]
[aiic.vn/wp-content/uploads/2021/05/0013-scaled.jpg]
[aiic.vn/wp-content/uploads/2021/05/0014-724x1024.jpg]
[aiic.vn/wp-content/uploads/2021/05/0014-scaled.jpg]
[aiic.vn/wp-content/uploads/2021/05/Chị-Hồng-Mai.png]
[aiic.vn/wp-content/uploads/2023/09/1.jpg]
[aiic.vn/wp-content/uploads/2023/08/vdq-website.jpg]
[aiic.vn/wp-content/uploads/2023/07/hnnt-o-vanphong-ally.png]
[aiic.vn/wp-content/uploads/2023/07/So-6.png]
[aiic.vn/cau-chuyen-thanh-cong-chi-mai/index.html]
[aiic.vn/anh-v-m-duc-hcm-2/index.html]
[aiic.vn/anh-v-d-q-hcm/index.html]
[aiic.vn/dien-tay-nghe/chuong-trinh-de-cu-tinh-bang-alberta-ainp/index.html]
[aiic.vn/cap-nhat-tinh-hinh-chi-h-n-n-t-o-canada/index.html]
[aiic.vn/chi-hnnt-hcm/index.html]
[aiic.vn/cau-chuyen-thanh-cong-anh-duc/t.src]
[aiic.vn/wp-json/wp/v2/posts/3454.json]
[aiic.vn/cau-chuyen-thanh-cong-anh-duc/feed/index.html]
[aiic.vn/wp-json/oembed/1.0/embed3342.json]
[aiic.vn/wp-json/oembed/1.0/embede151]
[aiic.vn/wp-content/uploads/2021/09/anh-Duc.jpg]
[aiic.vn/wp-content/uploads/2021/06/Cau-chuyen-thanh-cong-A-Duc-Op2-1.png]
[aiic.vn/wp-content/uploads/2021/05/0001-793x1024.jpg]
[aiic.vn/wp-content/uploads/2021/05/0001-scaled.jpg]
[aiic.vn/wp-content/uploads/2021/05/0004-1-793x1024.jpg]
[aiic.vn/wp-content/uploads/2021/05/0004-1-scaled.jpg]
[aiic.vn/wp-content/uploads/2021/05/0011-1-791x1024.jpg]
[aiic.vn/wp-content/uploads/2021/05/0011-1-scaled.jpg]
[aiic.vn/wp-content/uploads/2021/05/0012-1-1024x769.jpg]
[aiic.vn/wp-content/uploads/2021/05/0012-1-scaled.jpg]
[aiic.vn/wp-content/uploads/2021/05/Anh-Văn-Dức.png]
[aiic.vn/cau-chuyen-thanh-cong-anh-duc/index.html]
[aiic.vn/dien-tay-nghe/chuong-trinh-thi-diem-nong-nghiep-thuc-pham-afip/index.html]
[aiic.vn/cau-chuyen-thanh-cong-anh-thong/t.src]
[aiic.vn/wp-json/wp/v2/posts/3453.json]
[aiic.vn/cau-chuyen-thanh-cong-anh-thong/feed/index.html]
[aiic.vn/wp-json/oembed/1.0/embedcf86.json]
[aiic.vn/wp-json/oembed/1.0/embedab8c]
[aiic.vn/wp-content/uploads/2021/05/4a307f6ff1fe04a05def.jpg]
[aiic.vn/wp-content/uploads/2021/05/4a307f6ff1fe04a05def-1024x1024.jpg]
[aiic.vn/wp-content/uploads/2021/05/0016-724x1024.jpg]
[aiic.vn/wp-content/uploads/2021/05/0016-scaled.jpg]
[aiic.vn/wp-content/uploads/2021/05/0008-1-724x1024.jpg]
[aiic.vn/wp-content/uploads/2021/05/0008-1-scaled.jpg]
[aiic.vn/wp-content/uploads/2021/05/0002-1-724x1024.jpg]
[aiic.vn/wp-content/uploads/2021/05/0002-1-scaled.jpg]
[aiic.vn/wp-content/uploads/2021/05/Anh-Chí-Thông.png]
[aiic.vn/cau-chuyen-thanh-cong-anh-thong/index.html]
[aiic.vn/anh-sau-hcm/t.src]
[aiic.vn/wp-json/wp/v2/posts/3550.json]
[aiic.vn/anh-sau-hcm/feed/index.html]
[aiic.vn/wp-json/oembed/1.0/embedf297.json]
[aiic.vn/wp-json/oembed/1.0/embedbeaf]
[aiic.vn/wp-content/uploads/2021/09/a-Sau-edited.jpg]
[aiic.vn/wp-content/uploads/2021/09/visa-ally-edited3-1024x709.jpg]
[aiic.vn/wp-content/uploads/2021/09/visa-ally-edited3.jpg]
[aiic.vn/wp-content/uploads/2021/09/A-Sáu.jpg]
[aiic.vn/wp-content/uploads/2021/09/Passport-Request-DO-Xuan-Quynh-724x1024.jpg]
[aiic.vn/wp-content/uploads/2021/09/Passport-Request-DO-Xuan-Quynh-scaled.jpg]
[aiic.vn/wp-content/uploads/2021/09/Passport-Request-DO-Xuan-Quyen-724x1024.jpg]
[aiic.vn/wp-content/uploads/2021/09/Passport-Request-DO-Xuan-Quyen-scaled.jpg]
[aiic.vn/wp-content/uploads/2021/09/Passport-request-Do-Xuan-Trang-724x1024.jpg]
[aiic.vn/wp-content/uploads/2021/09/Passport-request-Do-Xuan-Trang-scaled.jpg]
[aiic.vn/wp-content/uploads/2021/09/DỖ-VĂN-SÁU.jpg]
[aiic.vn/anh-sau-hcm/index.html]
[aiic.vn/dien-tay-nghe/chuong-trinh-de-cu-tinh-bang-british-columbia-bc-pnp/index.html]
[aiic.vn/dien-tay-nghe/chuong-trinh-de-cu-tinh-bang-prince-edward-island-peipnp/index.html]
[aiic.vn/express-entry-la-gi-nhung-thong-tin-quan-trong-can-biet/t.src]
[aiic.vn/wp-json/wp/v2/posts/1545.json]
[aiic.vn/wp-json/oembed/1.0/embedbabf.json]
[aiic.vn/wp-json/oembed/1.0/embedd00d]
[aiic.vn/wp-content/uploads/2021/05/express-entry-dinh-cu-ally.png]
[aiic.vn/wp-content/uploads/2021/06/img_60d6ee6e4aae0.png]
[aiic.vn/express-entry-la-gi-nhung-thong-tin-quan-trong-can-biet/feed/index.html]
[aiic.vn/wp-content/uploads/2021/06/img_60d6ee7486e0f.png]
[aiic.vn/wp-content/uploads/2021/06/img_60d6ee8438685.png]
[aiic.vn/wp-content/uploads/2021/06/img_60d6ee86271ff.png]
[aiic.vn/express-entry-la-gi-nhung-thong-tin-quan-trong-can-biet/index.html]
[aiic.vn/tim-hieu-chi-tiet-chuong-trinh-de-cu-tinh-bang-pnp-tai-canada/t.src]
[aiic.vn/chuyen-muc/express-entry/index.html]
[aiic.vn/wp-json/wp/v2/posts/1539.json]
[aiic.vn/tim-hieu-chi-tiet-chuong-trinh-de-cu-tinh-bang-pnp-tai-canada/feed/index.html]
[aiic.vn/wp-json/oembed/1.0/embedd0c8.json]
[aiic.vn/wp-json/oembed/1.0/embed6d81]
[aiic.vn/wp-content/uploads/2021/05/de-cu-tinh-bang-pnp-canada-ally-scaled.jpg]
[aiic.vn/wp-content/uploads/2021/06/img_60d6fcbb83485.png]
[aiic.vn/wp-content/uploads/2021/06/img_60d6fcd8c7c10.png]
[aiic.vn/wp-content/uploads/2021/06/img_60d6fd0854f09.png]
[aiic.vn/wp-content/uploads/2021/06/img_60d6fd10f1123.png]
[aiic.vn/tim-hieu-chi-tiet-chuong-trinh-de-cu-tinh-bang-pnp-tai-canada/index.html]
[aiic.vn/chuong-trinh-dinh-cu-dau-tu-hy-lap-ty-le-thanh-cong-cao/t.src]
[aiic.vn/wp-json/wp/v2/posts/6510.json]
[aiic.vn/chuong-trinh-dinh-cu-dau-tu-hy-lap-ty-le-thanh-cong-cao/feed/index.html]
[aiic.vn/wp-json/oembed/1.0/embed8ec5.json]
[aiic.vn/wp-json/oembed/1.0/embedd472]
[aiic.vn/wp-content/uploads/2022/08/img_62eb9ec9129ae.png]
[aiic.vn/wp-content/uploads/2022/08/img_62eb9ecb93a9d.png]
[aiic.vn/wp-content/uploads/2022/08/img_62eb9ecd934a1.png]
[aiic.vn/wp-content/uploads/2022/08/img_62eb9eced9841.png]
[aiic.vn/wp-content/uploads/2022/08/img_62eb9ed02d458.png]
[aiic.vn/wp-content/uploads/2022/08/img_62eb9ed2c5649.png]
[aiic.vn/chuyen-muc/dinh-cu-chau-au/index.html]
[aiic.vn/wp-content/uploads/2022/08/img_62eb9ed3e314a.png]
[aiic.vn/wp-content/uploads/2022/08/img_62eb9ed542c52.png]
[aiic.vn/wp-content/uploads/2022/08/img_62eb9ed96eaab.png]
[aiic.vn/wp-content/uploads/2023/07/img_64ad09bc59d76.png]
[aiic.vn/wp-content/uploads/2023/07/img_64ad092b45eba.jpg]
[aiic.vn/wp-content/uploads/2023/07/img_64ad083469ca8.jpg]
[aiic.vn/wp-content/uploads/2023/07/img_64ad07b2e5dff.jpg]
[aiic.vn/wp-content/uploads/2023/07/img_64ad071194079.jpg]
[aiic.vn/wp-content/uploads/2023/07/img_64ad068424814.jpg]
[aiic.vn/top-10-dat-nuoc-dang-song-nhat-the-gioi-us-news-world-report/index.html]
[aiic.vn/wp-content/uploads/2023/07/img_64ad05e57cea2.jpg]
[aiic.vn/wp-content/uploads/2023/07/img_64ad05385edd9.jpg]
[aiic.vn/wp-content/uploads/2023/07/img_64ad04a0e754b.jpg]
[aiic.vn/nhap-tich-la-gi-top-7-quoc-gia-de-nhap-tich-2023/index.html]
[aiic.vn/wp-content/uploads/2023/07/img_64ad037800ba5.jpg]
[aiic.vn/chuong-trinh-dinh-cu-dau-tu-hy-lap-ty-le-thanh-cong-cao/index.html]
[aiic.vn/tay-ban-nha-spain-van-hoa-con-nguoi-va-nhung-dieu-thu-vi/index.html]
[aiic.vn/tim-hieu-dat-nuoc-con-nguoi-va-cuoc-song-nuoc-y-italia/index.html]
[aiic.vn/caribe-o-dau-cac-quoc-gia-thuoc-vung-bien-caribe/index.html]
[aiic.vn/visa-golden-la-gi-loi-ich-uu-diem-va-cac-thong-tin-can-biet/t.45c.delayed]
[aiic.vn/tong-hop-moi-thong-tin-ban-can-biet-ve-thuy-dien-sweden/index.html]
[aiic.vn/slovenia-la-nuoc-nao-tong-quan-thong-tin-ve-slovenia/index.html]
[aiic.vn/romania-la-nuoc-nao-dien-tich-khi-hau-va-cuoc-song/index.html]
[aiic.vn/tim-hieu-ve-phap-france-dat-nuoc-lang-man-nhat-the-gioi/index.html]
[aiic.vn/wp-json/wp/v2/posts/6531.json]
[aiic.vn/nuoc-phan-lan-finland-quoc-gia-hanh-phuc-nhat-the-gioi/index.html]
[aiic.vn/wp-json/oembed/1.0/embedf17e.json]
[aiic.vn/visa-golden-la-gi-loi-ich-uu-diem-va-cac-thong-tin-can-biet/feed/index.html]
[aiic.vn/wp-json/oembed/1.0/embed70d2]
[aiic.vn/wp-content/uploads/2022/08/img_62eba001e7a5c.png]
[aiic.vn/wp-content/uploads/2022/08/img_62eba003e58ce.png]
[aiic.vn/wp-content/uploads/2022/08/img_62eba00699f27.png]
[aiic.vn/wp-content/uploads/2022/08/img_62eba0089fdd1.png]
[aiic.vn/wp-content/uploads/2022/08/img_62eba00a2e6af.png]
[aiic.vn/wp-content/uploads/2022/08/img_62eba00b948e1.png]
[aiic.vn/wp-content/uploads/2022/08/img_62eba00cf4196.png]
[aiic.vn/wp-content/uploads/2022/08/img_62eba00ea93ad.png]
[aiic.vn/wp-content/uploads/2022/08/img_62eba011d6170.png]
[aiic.vn/visa-golden-la-gi-loi-ich-uu-diem-va-cac-thong-tin-can-biet/index.html]
[aiic.vn/dien-doanh-nhan/t.src]
[aiic.vn/wp-json/wp/v2/pages/414.json]
[aiic.vn/wp-json/oembed/1.0/embed5580.json]
[aiic.vn/wp-json/oembed/1.0/embed6e07]
[aiic.vn/wp-content/uploads/2021/04/Group-588-1.jpg]
[aiic.vn/wp-content/uploads/2021/05/Thiet-ke-khong-ten-2.png]
[aiic.vn/dien-doanh-nhan/index.html]
[aiic.vn/dien-doanh-nhan/chuong-trinh-doanh-nhan-tinh-bang/index.html]
[aiic.vn/dien-doanh-nhan/chuong-trinh-doanh-nhan-intra-company-transfer/index.html]
[aiic.vn/GET]
[aiic.vn/ABCDEFGHIJKLMNOPQRSTUVWXYZabcdefghijklmnopqrstuvwxyz0123456789+/index.html]
[aiic.vn/^([^_/indexd41d.html]
[aiic.vn/restserver.php]
[connect.facebook.net/en_US/sdk/xfbml.customerchat.js]
[aiic.vn/wp-content/themes/apply/inc/nt-contact/assets/images/icon-call.svg]
[aiic.vn/wp-content/themes/apply/inc/nt-contact/assets/images/icon-messenger.svg]
[aiic.vn/wp-content/themes/flatsome/assets/css/icons/fl-icons.svg]
[aiic.vn/wp-content/themes/apply/webfonts/fa-brands-400.svg]
[aiic.vn/wp-content/themes/apply/webfonts/fa-regular-400.svg]
[aiic.vn/wp-content/themes/apply/webfonts/fa-solid-900.svg]
[aiic.vn/LiveChatEvent/index.html]
[aiic.vn/dialog/index.html]
[aiic.vn/rsrc.php/index.html]
[aiic.vn/POST.html]
[aiic.vn/schema.org/index.html]
[aiic.vn/b.html]
[aiic.vn/signals/iwl.html]
[aiic.vn/ve-chung-toi/t.html]
[aiic.vn/index4170.html]
[aiic.vn/tuyen-dung-ally/t.html]
[aiic.vn/dau-tu-dinh-cu-chau-au-quoc-tich-caribbean-dien-dau-tu/t.html]
[aiic.vn/index8d37.html]
[aiic.vn/wp-content/uploads/2022/07/icon_europe-01.svg]
[aiic.vn/dinh-cu-bo-dao-nha/t.src]
[aiic.vn/wp-json/wp/v2/pages/6044.json]
[aiic.vn/wp-json/oembed/1.0/embedace4.json]
[aiic.vn/wp-json/oembed/1.0/embed7ebc]
[aiic.vn/wp-content/uploads/2022/07/Portugal-1.jpg]
[aiic.vn/wp-content/uploads/2022/07/dinh-cu-dau-tu-bo-dao-nha.png]
[aiic.vn/wp-content/uploads/2022/07/mobile-dau-tu-dinh-cu-Bo-Dao-Nha.png]
[aiic.vn/wp-content/uploads/2022/07/icon_portugal.svg]
[aiic.vn/wp-content/uploads/2022/07/portugal-2.jpg]
[aiic.vn/wp-content/uploads/2022/07/Portugal-6.jpg]
[aiic.vn/wp-content/uploads/2022/07/Portugal-4.jpg]
[aiic.vn/dinh-cu-bo-dao-nha/index.html]
[aiic.vn/du-an-biet-thu-aurai-cyprus/index.html]
[aiic.vn/du-an-can-ho-vida-cyprus.html]
[aiic.vn/du-an-can-ho-vida-cyprus/index.html]
[aiic.vn/du-an-can-ho-iliso-phia-tay-athens/index.html]
[aiic.vn/du-an-biet-thu-lana-cyprus/t.src]
[aiic.vn/wp-json/wp/v2/pages/7458.json]
[aiic.vn/wp-json/oembed/1.0/embeddc0e.json]
[aiic.vn/wp-json/oembed/1.0/embedb805]
[aiic.vn/wp-content/uploads/2022/07/group-people-working-out-business-plan-office.png]
[aiic.vn/wp-content/uploads/2022/07/villa-1.svg]
[aiic.vn/wp-content/uploads/2022/07/furnitures.svg]
[aiic.vn/wp-content/uploads/2022/08/vacations.png]
[aiic.vn/wp-content/uploads/2022/07/bg_vitri.png]
[aiic.vn/wp-content/uploads/2023/02/Dao-Sip-Map.jpg]
[aiic.vn/wp-content/uploads/2023/02/Lana-VIllas_Villa-5_CGI_living-area-min.jpg]
[aiic.vn/wp-content/uploads/2023/02/Lana-VIllas_Villa-5_CGI_living-area_-veranda-min.jpg]
[aiic.vn/wp-content/uploads/2023/02/Lana-VIllas_Villa-5_CGI_living-area_-kitchen-min.jpg]
[aiic.vn/wp-content/uploads/2023/02/Lana-VIllas_Villa-5_CGI_living-area_-kitchen-1-min.jpg]
[aiic.vn/wp-content/uploads/2023/02/Lana-VIllas_Villa-5_CGI_bedroom-min.jpg]
[aiic.vn/wp-content/uploads/2023/02/Lana-VIllas_Villa-5_CGI_bathroom-min.jpg]
[aiic.vn/wp-content/uploads/2022/08/DU-AN-CAN-HO-ATHENS-AT0629.jpg]
[aiic.vn/wp-content/uploads/2022/08/DU-AN-CAN-HO-ATHENS-AT0628.jpg]
[aiic.vn/wp-content/uploads/2022/08/DU-AN-CAN-HO-ATHENS-AT0626.jpg]
[aiic.vn/wp-content/uploads/2022/08/DU-AN-CAN-HO-ATHENS-AT06210.jpg]
[aiic.vn/wp-content/uploads/2022/08/DU-AN-CAN-HO-ATHENS-AT0624.jpg]
[aiic.vn/wp-content/uploads/2022/08/DU-AN-CAN-HO-ATHENS-AT0622.jpg]
[aiic.vn/du-an-biet-thu-lana-cyprus/index.html]
[aiic.vn/du-an-biet-thu-cao-cap-t-code018-athens/t.src]
[aiic.vn/wp-json/wp/v2/pages/5805.json]
[aiic.vn/wp-json/oembed/1.0/embed2ab4.json]
[aiic.vn/wp-json/oembed/1.0/embed574a]
[aiic.vn/wp-content/uploads/2022/07/map-hy-lap.png]
[aiic.vn/wp-content/uploads/2022/07/pretty-female-entrepreneur.png]
[aiic.vn/wp-content/uploads/2022/07/open-plan-office-wrapped-up-work-1.png]
[aiic.vn/wp-content/uploads/2022/07/open-plan-office-wrapped.png]
[aiic.vn/du-an-biet-thu-cao-cap-t-code018-athens/index.html]
[aiic.vn/du-an-can-ho-athens-at062/t.src]
[aiic.vn/wp-json/wp/v2/pages/6293.json]
[aiic.vn/wp-json/oembed/1.0/embedd5eb.json]
[aiic.vn/wp-json/oembed/1.0/embed7915]
[aiic.vn/wp-content/uploads/2022/08/DU-AN-CAN-HO-ATHENS-AT0625.jpg]
[aiic.vn/du-an-can-ho-athens-at062/index.html]
[aiic.vn/du-an-villa-phia-nam-athens-vari018/t.src]
[aiic.vn/wp-json/wp/v2/pages/6362.json]
[aiic.vn/wp-json/oembed/1.0/embed15be.json]
[aiic.vn/wp-json/oembed/1.0/embedf223]
[aiic.vn/wp-content/uploads/2022/08/city.png]
[aiic.vn/wp-content/uploads/2022/08/DỰ-ÁN-VILLA-PHÍA-NAM-ATHENS-VARI0183.png]
[aiic.vn/wp-content/uploads/2022/08/DỰ-ÁN-VILLA-PHÍA-NAM-ATHENS-VARI0189.png]
[aiic.vn/wp-content/uploads/2022/08/DỰ-ÁN-VILLA-PHÍA-NAM-ATHENS-VARI0188.png]
[aiic.vn/wp-content/uploads/2022/08/DỰ-ÁN-VILLA-PHÍA-NAM-ATHENS-VARI0184.png]
[aiic.vn/wp-content/uploads/2022/08/DỰ-ÁN-VILLA-PHÍA-NAM-ATHENS-VARI018.png]
[aiic.vn/du-an-villa-phia-nam-athens-vari018/index.html]
[aiic.vn/cau-chuyen-thanh-cong-chi-nghi.html]
[aiic.vn/dinh-cu-hy-lap/t.html]
[aiic.vn/indexfb62.html]
[aiic.vn/wp-content/uploads/2022/07/family.svg]
[aiic.vn/wp-content/uploads/2022/07/money-bag.svg]
[aiic.vn/wp-content/uploads/2022/07/Group-1715.svg]
[aiic.vn/wp-content/uploads/2022/07/Group-1718.svg]
[aiic.vn/wp-content/uploads/2022/07/learning.svg]
[aiic.vn/wp-content/uploads/2022/07/tax.svg]
[aiic.vn/wp-content/uploads/2022/07/icon_gioithieu.svg]
[aiic.vn/wp-content/uploads/2022/07/family-1.svg]
[aiic.vn/wp-content/uploads/2022/07/healthcare-covid19-coronavirus-hand-hearth.svg]
[aiic.vn/wp-content/uploads/2022/07/graduation-cap-world-globe-book-education.svg]
[aiic.vn/wp-content/uploads/2022/07/graph.svg]
[aiic.vn/wp-content/uploads/2022/07/heat-wave.svg]
[aiic.vn/cau-chuyen-thanh-cong/index.html]
[aiic.vn/cau-chuyen-thanh-cong-anh-hoang.html]
[aiic.vn/cctc-pvpd.html]
[aiic.vn/dinh-cu-malta/t.html]
[aiic.vn/index2386.html]
[aiic.vn/wp-content/uploads/2022/07/icon_malta.svg]
[aiic.vn/dinh-cu-saint-lucia/t.html]
[aiic.vn/index8edb.html]
[aiic.vn/wp-content/uploads/2022/08/icon_saintkitt.svg]
[aiic.vn/dinh-cu-dao-sip/t.html]
[aiic.vn/index2b20.html]
[aiic.vn/wp-content/uploads/2022/07/family-2.svg]
[aiic.vn/wp-content/uploads/2022/07/icon_cyprus.svg]
[aiic.vn/dinh-cu-tho-nhi-ky/t.html]
[aiic.vn/index6804.html]
[aiic.vn/wp-content/uploads/2022/07/villa.svg]
[aiic.vn/wp-content/uploads/2022/07/icon_turkey.svg]
[aiic.vn/dinh-cu-grenada/t.html]
[aiic.vn/index1853.html]
[aiic.vn/wp-content/uploads/2022/08/icon_grenada.svg]
[aiic.vn/dinh-cu-canada-dien-tay-nghe/t.html]
[aiic.vn/wp-content/cache/min/1/a15e2edd5ff74108e3f8ec3966fbb13c.css]
[aiic.vn/index69a1.html]
[aiic.vn/dinh-cu-canada-dien-tay-nghe/chuong-trinh-de-cu-tinh-bang-saskatchewan-sinp/index.html]
[aiic.vn/dinh-cu-canada-dien-tay-nghe/chuong-trinh-de-cu-tinh-bang-manitoba-mpnp/index.html]
[aiic.vn/dinh-cu-canada-dien-tay-nghe/chuong-trinh-de-cu-tinh-bang-prince-edward-island-peipnp/index.html]
[aiic.vn/dinh-cu-canada-dien-tay-nghe/chuong-trinh-thi-diem-nong-nghiep-thuc-pham-afip/index.html]
[aiic.vn/wp-content/uploads/2022/03/MPNP.jpg]
[aiic.vn/wp-json/oembed/1.0/embed1618]
[aiic.vn/chuong-trinh-dinh-cu-canada-rnip-moi-nhat-2021/t.src]
[aiic.vn/wp-json/wp/v2/posts/2792.json]
[aiic.vn/wp-json/oembed/1.0/embed3c9f.json]
[aiic.vn/chuong-trinh-dinh-cu-canada-rnip-moi-nhat-2021/feed/index.html]
[aiic.vn/wp-json/oembed/1.0/embedbc08]
[aiic.vn/wp-content/uploads/2021/07/img_60e6de292c51d.jpg]
[aiic.vn/wp-content/uploads/2021/09/img_61555835983fa.png]
[aiic.vn/wp-content/uploads/2021/07/img_60e6de2b025d7.jpg]
[aiic.vn/wp-content/uploads/2021/09/img_6155583957a16.png]
[aiic.vn/wp-content/uploads/2021/09/img_6155583a859fd.png]
[aiic.vn/chuyen-muc/de-cu-tinh-bang-pnp/index.html]
[aiic.vn/chuong-trinh-dinh-cu-canada-rnip-moi-nhat-2021/index.html]
[aiic.vn/featured_item/carpenter/t.src]
[aiic.vn/tong-quan-chuong-trinh-dinh-cu-canada-dien-tay-nghe-aipp-nam-2021/index.html]
[aiic.vn/wp-json/oembed/1.0/embedf6e8.json]
[aiic.vn/featured_item/carpenter/feed/index.html]
[aiic.vn/wp-json/oembed/1.0/embed9c51]
[aiic.vn/featured_item/carpenter/index.html]
[aiic.vn/featured_item/tires-technician-2/t.src]
[aiic.vn/featured_item_category/bcpnp/index.html]
[aiic.vn/wp-json/oembed/1.0/embed6318.json]
[aiic.vn/featured_item/tires-technician-2/feed/index.html]
[aiic.vn/wp-json/oembed/1.0/embed0ffc]
[aiic.vn/featured_item/tires-technician-2/index.html]
[aiic.vn/featured_item/software-engineer/t.src]
[aiic.vn/wp-json/oembed/1.0/embedaa83.json]
[aiic.vn/wp-json/oembed/1.0/embed061b]
[aiic.vn/featured_item/software-engineer/feed/index.html]
[aiic.vn/featured_item/software-engineer/index.html]
[aiic.vn/featured_item/logistics-supervisor/t.src]
[aiic.vn/wp-json/oembed/1.0/embedd8ab.json]
[aiic.vn/wp-json/oembed/1.0/embed73bf]
[aiic.vn/featured_item/logistics-supervisor/index.html]
[aiic.vn/featured_item/logistics-supervisor/feed/index.html]
[aiic.vn/featured_item/restaurant-manager-3/t.src]
[aiic.vn/featured_item_category/mpnp/index.html]
[aiic.vn/featured_item/restaurant-manager-3/feed/index.html]
[aiic.vn/wp-json/oembed/1.0/embedfee0.json]
[aiic.vn/wp-json/oembed/1.0/embed81e9]
[aiic.vn/featured_item/restaurant-manager-3/index.html]
[aiic.vn/featured_item_category/express-entry/index.html]
[aiic.vn/featured_item/wholesale-manager/t.src]
[aiic.vn/featured_item_category/sinp/index.html]
[aiic.vn/wp-json/oembed/1.0/embedc1f6.json]
[aiic.vn/featured_item/wholesale-manager/feed/index.html]
[aiic.vn/wp-json/oembed/1.0/embed560f]
[aiic.vn/featured_item/wholesale-manager/index.html]
[aiic.vn/featured_item/auto-mechanic/t.src]
[aiic.vn/wp-json/oembed/1.0/embedc96c.json]
[aiic.vn/wp-json/oembed/1.0/embed54b4]
[aiic.vn/featured_item/auto-mechanic/feed/index.html]
[aiic.vn/featured_item/auto-mechanic/index.html]
[aiic.vn/featured_item/blueberry-farmer/t.src]
[aiic.vn/wp-json/oembed/1.0/embed5283.json]
[aiic.vn/wp-json/oembed/1.0/embedfffe]
[aiic.vn/featured_item/blueberry-farmer/index.html]
[aiic.vn/featured_item/blueberry-farmer/feed/index.html]
[aiic.vn/featured_item/admin-office-on/t.src]
[aiic.vn/featured_item_category/peipnp/index.html]
[aiic.vn/wp-json/oembed/1.0/embed6575.json]
[aiic.vn/featured_item/admin-office-on/feed/index.html]
[aiic.vn/wp-json/oembed/1.0/embedff54]
[aiic.vn/featured_item/admin-office-on/index.html]
[aiic.vn/featured_item/farm-supervisor/t.src]
[aiic.vn/wp-json/oembed/1.0/embed1886.json]
[aiic.vn/wp-json/oembed/1.0/embed99ca]
[aiic.vn/featured_item/farm-supervisor/index.html]
[aiic.vn/featured_item/apple-farmer/t.src]
[aiic.vn/featured_item/farm-supervisor/feed/index.html]
[aiic.vn/wp-json/oembed/1.0/embedf13b.json]
[aiic.vn/wp-json/oembed/1.0/embedf65c]
[aiic.vn/featured_item/apple-farmer/index.html]
[aiic.vn/featured_item/apple-farmer/feed/index.html]
[aiic.vn/featured_item/auto-body-shop-worker/t.src]
[aiic.vn/wp-json/oembed/1.0/embed8fc3.json]
[aiic.vn/wp-json/oembed/1.0/embed8447]
[aiic.vn/featured_item/auto-body-shop-worker/index.html]
[aiic.vn/featured_item_category/aaip/index.html]
[aiic.vn/featured_item/auto-body-shop-worker/feed/index.html]
[aiic.vn/wp-json/oembed/1.0/embedd365.json]
[aiic.vn/featured_item/bookkeeper-bc/feed/index.html]
[aiic.vn/wp-json/oembed/1.0/embed5d06]
[aiic.vn/featured_item/bookkeeper-bc/index.html]
[aiic.vn/featured_item/food-supply-worker/t.src]
[aiic.vn/wp-json/oembed/1.0/embedd5f2.json]
[aiic.vn/wp-json/oembed/1.0/embed14b5]
[aiic.vn/featured_item/food-supply-worker/index.html]
[aiic.vn/featured_item/food-supply-worker/feed/index.html]
[aiic.vn/featured_item/graphic-designer/t.src]
[aiic.vn/wp-json/oembed/1.0/embed4c71.json]
[aiic.vn/featured_item/graphic-designer/feed/index.html]
[aiic.vn/wp-json/oembed/1.0/embed478f]
[aiic.vn/featured_item/graphic-designer/index.html]
[aiic.vn/featured_item/bookkeeper-on/t.src]
[aiic.vn/wp-json/oembed/1.0/embed7ba2.json]
[aiic.vn/featured_item/bookkeeper-on/feed/index.html]
[aiic.vn/wp-json/oembed/1.0/embed6d8b]
[aiic.vn/featured_item/bookkeeper-on/index.html]
[aiic.vn/featured_item/hotel-supervisor-bc/t.src]
[aiic.vn/wp-json/oembed/1.0/embedafc3.json]
[aiic.vn/featured_item/hotel-supervisor-bc/feed/index.html]
[aiic.vn/wp-json/oembed/1.0/embedf75f]
[aiic.vn/featured_item/hotel-supervisor-bc/index.html]
[aiic.vn/featured_item/it-hardware/t.src]
[aiic.vn/wp-json/oembed/1.0/embed9694.json]
[aiic.vn/featured_item/it-hardware/feed/index.html]
[aiic.vn/wp-json/oembed/1.0/embed90c1]
[aiic.vn/featured_item/it-hardware/index.html]
[aiic.vn/featured_item/admin-office-ab/t.src]
[aiic.vn/wp-json/oembed/1.0/embede46a.json]
[aiic.vn/wp-json/oembed/1.0/embed796f]
[aiic.vn/featured_item/admin-office-ab/index.html]
[aiic.vn/featured_item/admin-office-ab/feed/index.html]
[aiic.vn/featured_item/maintenance/t.src]
[aiic.vn/wp-json/oembed/1.0/embed76a0.json]
[aiic.vn/featured_item/maintenance/feed/index.html]
[aiic.vn/featured_item/maintenance/index.html]
[aiic.vn/featured_item/nanny-2/t.src]
[aiic.vn/wp-json/oembed/1.0/embed07de.json]
[aiic.vn/wp-json/oembed/1.0/embed6d11]
[aiic.vn/featured_item/nanny-2/feed/index.html]
[aiic.vn/featured_item/nanny-2/index.html]
[aiic.vn/featured_item_category/caregiver/index.html]
[aiic.vn/featured_item/bookkeeper-ab/t.src]
[aiic.vn/featured_item/bookkeeper-ab/feed/index.html]
[aiic.vn/wp-json/oembed/1.0/embed898b.json]
[aiic.vn/wp-json/oembed/1.0/embede184]
[aiic.vn/featured_item/bookkeeper-ab/index.html]
[aiic.vn/featured_item/bookkeeper-sk/t.src]
[aiic.vn/wp-json/oembed/1.0/embeda94a.json]
[aiic.vn/wp-json/oembed/1.0/embedd759]
[aiic.vn/featured_item/bookkeeper-sk/index.html]
[aiic.vn/featured_item/bookkeeper-sk/feed/index.html]
[aiic.vn/featured_item/marketing-manager/t.src]
[aiic.vn/wp-json/oembed/1.0/embed956d.json]
[aiic.vn/wp-json/oembed/1.0/embedaf22]
[aiic.vn/featured_item/marketing-manager/index.html]
[aiic.vn/featured_item/marketing-manager/feed/index.html]
[aiic.vn/featured_item/nail-worker/t.src]
[aiic.vn/wp-json/oembed/1.0/embedfd1c.json]
[aiic.vn/featured_item/nail-worker/feed/index.html]
[aiic.vn/wp-json/oembed/1.0/embed7d2c]
[aiic.vn/featured_item/nail-worker/index.html]
[aiic.vn/featured_item/business-manager/t.src]
[aiic.vn/wp-json/oembed/1.0/embed6f17.json]
[aiic.vn/wp-json/oembed/1.0/embed5ae0]
[aiic.vn/featured_item/business-manager/index.html]
[aiic.vn/featured_item/pharmacy-technician/t.src]
[aiic.vn/featured_item/business-manager/feed/index.html]
[aiic.vn/wp-json/oembed/1.0/embed1208.json]
[aiic.vn/featured_item/pharmacy-technician/feed/index.html]
[aiic.vn/featured_item/pharmacy-technician/index.html]
[aiic.vn/wp-json/oembed/1.0/embedf5ed]
[aiic.vn/featured_item/butcher/t.src]
[aiic.vn/wp-json/oembed/1.0/embedad65.json]
[aiic.vn/wp-json/oembed/1.0/embeda826]
[aiic.vn/featured_item/butcher/index.html]
[aiic.vn/featured_item/printing-supervisor/t.src]
[aiic.vn/featured_item_category/afip/index.html]
[aiic.vn/featured_item/butcher/feed/index.html]
[aiic.vn/wp-json/oembed/1.0/embed9978.json]
[aiic.vn/featured_item/printing-supervisor/feed/index.html]
[aiic.vn/featured_item/printing-supervisor/index.html]
[aiic.vn/wp-json/oembed/1.0/embed5244]
[aiic.vn/featured_item/cook-ab/t.src]
[aiic.vn/wp-json/oembed/1.0/embedb814.json]
[aiic.vn/wp-json/oembed/1.0/embedbd87]
[aiic.vn/featured_item/cook-ab/index.html]
[aiic.vn/featured_item/cook-ab/feed/index.html]
[aiic.vn/featured_item/restaurant-manager-2/t.src]
[aiic.vn/wp-json/oembed/1.0/embed9654.json]
[aiic.vn/wp-json/oembed/1.0/embed097a]
[aiic.vn/featured_item/restaurant-manager-2/feed/index.html]
[aiic.vn/featured_item/restaurant-manager-2/index.html]
[aiic.vn/featured_item/customer-service-manager/t.src]
[aiic.vn/wp-json/oembed/1.0/embeda9b1.json]
[aiic.vn/wp-json/oembed/1.0/embedc084]
[aiic.vn/featured_item/customer-service-manager/index.html]
[aiic.vn/featured_item/customer-service-manager/feed/index.html]
[aiic.vn/featured_item/sales-retail-supervisor/t.src]
[aiic.vn/wp-json/oembed/1.0/embedf018.json]
[aiic.vn/wp-json/oembed/1.0/embedc853]
[aiic.vn/featured_item/sales-retail-supervisor/index.html]
[aiic.vn/featured_item/sales-retail-supervisor/feed/index.html]
[aiic.vn/featured_item/food-service-supervisor/t.src]
[aiic.vn/wp-json/oembed/1.0/embed9cae.json]
[aiic.vn/wp-json/oembed/1.0/embed102a]
[aiic.vn/featured_item/food-service-supervisor/index.html]
[aiic.vn/featured_item/food-service-supervisor/feed/index.html]
[aiic.vn/featured_item/server/t.src]
[aiic.vn/wp-json/oembed/1.0/embedf184.json]
[aiic.vn/featured_item/server/index.html]
[aiic.vn/wp-json/oembed/1.0/embed88b4]
[aiic.vn/featured_item/server/feed/index.html]
[aiic.vn/featured_item/hr-manager/t.src]
[aiic.vn/wp-json/oembed/1.0/embedc23d.json]
[aiic.vn/featured_item/hr-manager/index.html]
[aiic.vn/wp-json/oembed/1.0/embede1a5]
[aiic.vn/featured_item/hr-manager/feed/index.html]
[aiic.vn/featured_item/tires-technician/t.src]
[aiic.vn/wp-json/oembed/1.0/embed0cdf.json]
[aiic.vn/wp-json/oembed/1.0/embedeacd]
[aiic.vn/featured_item/tires-technician/index.html]
[aiic.vn/featured_item/tires-technician/feed/index.html]
[aiic.vn/featured_item/sales-retail/t.src]
[aiic.vn/wp-json/oembed/1.0/embeddd34.json]
[aiic.vn/wp-json/oembed/1.0/embed7932]
[aiic.vn/featured_item/sales-retail/index.html]
[aiic.vn/featured_item/sales-retail/feed/index.html]
[aiic.vn/featured_item/web-developer-2/t.src]
[aiic.vn/wp-json/oembed/1.0/embed14ba.json]
[aiic.vn/wp-json/oembed/1.0/embed96fd]
[aiic.vn/featured_item/web-developer-2/feed/index.html]
[aiic.vn/featured_item/web-developer-2/index.html]
[aiic.vn/featured_item/electrician/t.src]
[aiic.vn/wp-json/oembed/1.0/embedd14b.json]
[aiic.vn/featured_item/electrician/index.html]
[aiic.vn/wp-json/oembed/1.0/embedded4]
[aiic.vn/featured_item/supply-control-co-ordinator/t.src]
[aiic.vn/featured_item/electrician/feed/index.html]
[aiic.vn/featured_item/supply-control-co-ordinator/feed/index.html]
[aiic.vn/wp-json/oembed/1.0/embed567e.json]
[aiic.vn/wp-json/oembed/1.0/embedd921]
[aiic.vn/featured_item/supply-control-co-ordinator/index.html]
[aiic.vn/featured_item/farm-worker/t.src]
[aiic.vn/wp-json/oembed/1.0/embedefc9.json]
[aiic.vn/wp-json/oembed/1.0/embed3c0b]
[aiic.vn/featured_item/farm-worker/index.html]
[aiic.vn/featured_item/farm-worker/feed/index.html]
[aiic.vn/featured_item/truck-driver/t.src]
[aiic.vn/featured_item_category/work-permit/index.html]
[aiic.vn/wp-json/oembed/1.0/embed1b5d.json]
[aiic.vn/featured_item/truck-driver/feed/index.html]
[aiic.vn/featured_item/truck-driver/index.html]
[aiic.vn/wp-json/oembed/1.0/embed75a6]
[aiic.vn/featured_item/food-service-supervisor-2/t.src]
[aiic.vn/wp-json/oembed/1.0/embedbb62.json]
[aiic.vn/wp-json/oembed/1.0/embeda7a8]
[aiic.vn/featured_item/food-service-supervisor-2/index.html]
[aiic.vn/featured_item/food-service-supervisor-2/feed/index.html]
[aiic.vn/featured_item/graphic-designer-2/t.src]
[aiic.vn/wp-json/oembed/1.0/embed0880.json]
[aiic.vn/wp-json/oembed/1.0/embed88ca]
[aiic.vn/featured_item/graphic-designer-2/index.html]
[aiic.vn/featured_item/graphic-designer-2/feed/index.html]
[aiic.vn/featured_item/marketing-manager-2/t.src]
[aiic.vn/wp-json/oembed/1.0/embeddea2.json]
[aiic.vn/featured_item/marketing-manager-2/index.html]
[aiic.vn/wp-json/oembed/1.0/embed55c2]
[aiic.vn/featured_item/marketing-manager-2/feed/index.html]
[aiic.vn/featured_item/office-manager/t.src]
[aiic.vn/wp-json/oembed/1.0/embedbe57.json]
[aiic.vn/wp-json/oembed/1.0/embedfb05]
[aiic.vn/featured_item/office-manager/feed/index.html]
[aiic.vn/featured_item/office-manager/index.html]
[aiic.vn/featured_item/pharmacy-technician-2/t.src]
[aiic.vn/wp-json/oembed/1.0/embed9e5c.json]
[aiic.vn/featured_item/pharmacy-technician-2/index.html]
[aiic.vn/wp-json/oembed/1.0/embedf01f]
[aiic.vn/featured_item/plumber/t.src]
[aiic.vn/featured_item/pharmacy-technician-2/feed/index.html]
[aiic.vn/wp-json/oembed/1.0/embed797b.json]
[aiic.vn/featured_item/plumber/index.html]
[aiic.vn/wp-json/oembed/1.0/embed074b]
[aiic.vn/featured_item/plumber/feed/index.html]
[aiic.vn/featured_item/property-manager/t.src]
[aiic.vn/wp-json/oembed/1.0/embed1439.json]
[aiic.vn/featured_item/property-manager/index.html]
[aiic.vn/wp-json/oembed/1.0/embeda562]
[aiic.vn/featured_item/retail-manager/t.src]
[aiic.vn/featured_item/property-manager/feed/index.html]
[aiic.vn/wp-json/oembed/1.0/embed9bfc.json]
[aiic.vn/featured_item/retail-manager/index.html]
[aiic.vn/wp-json/oembed/1.0/embed931a]
[aiic.vn/featured_item/sales-retail-supervisor-2/t.src]
[aiic.vn/featured_item/retail-manager/feed/index.html]
[aiic.vn/wp-json/oembed/1.0/embed32d2.json]
[aiic.vn/featured_item/sales-retail-supervisor-2/index.html]
[aiic.vn/wp-json/oembed/1.0/embed7fa8]
[aiic.vn/featured_item/tilesetter/t.src]
[aiic.vn/featured_item/sales-retail-supervisor-2/feed/index.html]
[aiic.vn/wp-json/oembed/1.0/embed83ce.json]
[aiic.vn/featured_item/tilesetter/index.html]
[aiic.vn/wp-json/oembed/1.0/embed0efd]
[aiic.vn/featured_item/tilesetter/feed/index.html]
[aiic.vn/featured_item/video-editor/t.src]
[aiic.vn/wp-json/oembed/1.0/embedcdeb.json]
[aiic.vn/featured_item/video-editor/index.html]
[aiic.vn/wp-json/oembed/1.0/embed6fa9]
[aiic.vn/featured_item/video-editor/feed/index.html]
[aiic.vn/featured_item/warehouse-manager/t.src]
[aiic.vn/wp-json/oembed/1.0/embede1a8.json]
[aiic.vn/wp-json/oembed/1.0/embeddaae]
[aiic.vn/featured_item/warehouse-manager/index.html]
[aiic.vn/featured_item/warehouse-manager/feed/index.html]
[aiic.vn/featured_item/logistic-supervisor/t.src]
[aiic.vn/wp-json/oembed/1.0/embedf8dc.json]
[aiic.vn/featured_item/logistic-supervisor/feed/index.html]
[aiic.vn/wp-json/oembed/1.0/embed1cda]
[aiic.vn/featured_item/logistic-supervisor/index.html]
[aiic.vn/featured_item/cleaner/t.src]
[aiic.vn/wp-json/oembed/1.0/embedb187.json]
[aiic.vn/featured_item/cleaner/feed/index.html]
[aiic.vn/featured_item/cleaner/index.html]
[aiic.vn/wp-json/oembed/1.0/embede1f8]
[aiic.vn/featured_item/cook-3/t.src]
[aiic.vn/wp-json/oembed/1.0/embed03e0.json]
[aiic.vn/featured_item/cook-3/feed/index.html]
[aiic.vn/wp-json/oembed/1.0/embed4dad]
[aiic.vn/featured_item/cook-3/index.html]
[aiic.vn/featured_item/cook-mb/t.src]
[aiic.vn/wp-json/oembed/1.0/embed45a9.json]
[aiic.vn/featured_item/cook-mb/feed/index.html]
[aiic.vn/featured_item/cook-mb/index.html]
[aiic.vn/wp-json/oembed/1.0/embed35c0]
[aiic.vn/featured_item/mushroom-farmer/t.src]
[aiic.vn/wp-json/oembed/1.0/embedf312.json]
[aiic.vn/featured_item/mushroom-farmer/feed/index.html]
[aiic.vn/featured_item/mushroom-farmer/index.html]
[aiic.vn/wp-json/oembed/1.0/embed9c29]
[aiic.vn/featured_item/cook-sk/t.src]
[aiic.vn/wp-json/oembed/1.0/embedb0a2.json]
[aiic.vn/wp-json/oembed/1.0/embedb110]
[aiic.vn/featured_item/cook-sk/index.html]
[aiic.vn/featured_item/cook-sk/feed/index.html]
[aiic.vn/featured_item/finance-manager-2/t.src]
[aiic.vn/wp-json/oembed/1.0/embed602d.json]
[aiic.vn/featured_item/finance-manager-2/index.html]
[aiic.vn/wp-json/oembed/1.0/embed872c]
[aiic.vn/featured_item/finance-manager-2/feed/index.html]
[aiic.vn/featured_item/food-service-supervisor-3/t.src]
[aiic.vn/wp-json/oembed/1.0/embed9c60.json]
[aiic.vn/featured_item/food-service-supervisor-3/feed/index.html]
[aiic.vn/wp-json/oembed/1.0/embed0a68]
[aiic.vn/featured_item/food-service-supervisor-3/index.html]
[aiic.vn/featured_item/bookeeper/t.src]
[aiic.vn/wp-json/oembed/1.0/embed5b60.json]
[aiic.vn/wp-json/oembed/1.0/embedab8e]
[aiic.vn/featured_item/bookeeper/index.html]
[aiic.vn/featured_item/bookeeper/feed/index.html]
[aiic.vn/featured_item/admin-office-bc/t.src]
[aiic.vn/wp-json/oembed/1.0/embed23f1.json]
[aiic.vn/wp-json/oembed/1.0/embed3c1b]
[aiic.vn/featured_item/admin-office-bc/feed/index.html]
[aiic.vn/featured_item/admin-office-bc/index.html]
[aiic.vn/featured_item/business-development-manager/t.src]
[aiic.vn/wp-json/oembed/1.0/embeded27.json]
[aiic.vn/wp-json/oembed/1.0/embed364b]
[aiic.vn/featured_item/business-development-manager/index.html]
[aiic.vn/featured_item/business-development-officier/t.src]
[aiic.vn/featured_item/business-development-manager/feed/index.html]
[aiic.vn/wp-json/oembed/1.0/embedad0a.json]
[aiic.vn/wp-json/oembed/1.0/embede7b4]
[aiic.vn/featured_item/business-development-officier/feed/index.html]
[aiic.vn/featured_item/business-development-officier/index.html]
[aiic.vn/featured_item/cad-designer/t.src]
[aiic.vn/wp-json/oembed/1.0/embedce10.json]
[aiic.vn/wp-json/oembed/1.0/embed3894]
[aiic.vn/featured_item/cad-designer/index.html]
[aiic.vn/featured_item/cad-designer/feed/index.html]
[aiic.vn/featured_item/pizza-maker/t.src]
[aiic.vn/wp-json/oembed/1.0/embede818.json]
[aiic.vn/wp-json/oembed/1.0/embed06a9]
[aiic.vn/featured_item/pizza-maker/index.html]
[aiic.vn/featured_item/construction-manager/t.src]
[aiic.vn/featured_item/pizza-maker/feed/index.html]
[aiic.vn/wp-json/oembed/1.0/embed36f1.json]
[aiic.vn/wp-json/oembed/1.0/embedcbc6]
[aiic.vn/featured_item/construction-manager/feed/index.html]
[aiic.vn/featured_item/construction-manager/index.html]
[aiic.vn/featured_item/pharmacy-assistant/t.src]
[aiic.vn/wp-json/oembed/1.0/embeda11b.json]
[aiic.vn/wp-json/oembed/1.0/embeda134]
[aiic.vn/featured_item/pharmacy-assistant/index.html]
[aiic.vn/featured_item/pharmacy-assistant/feed/index.html]
[aiic.vn/featured_item/computer-science/t.src]
[aiic.vn/wp-json/oembed/1.0/embed098f.json]
[aiic.vn/featured_item/computer-science/feed/index.html]
[aiic.vn/featured_item/computer-science/index.html]
[aiic.vn/featured_item/cake-decorator/t.src]
[aiic.vn/wp-json/oembed/1.0/embed5eb3.json]
[aiic.vn/featured_item/cake-decorator/feed/index.html]
[aiic.vn/featured_item/cake-decorator/index.html]
[aiic.vn/wp-json/oembed/1.0/embedaebd]
[aiic.vn/featured_item/construction-supervisor/t.src]
[aiic.vn/wp-json/oembed/1.0/embedcb7d.json]
[aiic.vn/featured_item/construction-supervisor/feed/index.html]
[aiic.vn/wp-json/oembed/1.0/embed258a]
[aiic.vn/featured_item/construction-supervisor/index.html]
[aiic.vn/featured_item/cook-bc/t.src]
[aiic.vn/wp-json/oembed/1.0/embed2544.json]
[aiic.vn/wp-json/oembed/1.0/embed49f7]
[aiic.vn/featured_item/cook-bc/index.html]
[aiic.vn/featured_item/cook-bc/feed/index.html]
[aiic.vn/featured_item/digital-marketing/t.src]
[aiic.vn/wp-json/oembed/1.0/embed9457.json]
[aiic.vn/wp-json/oembed/1.0/embed716b]
[aiic.vn/featured_item/digital-marketing/feed/index.html]
[aiic.vn/featured_item/digital-marketing/index.html]
[aiic.vn/featured_item/fashion-designer/t.src]
[aiic.vn/wp-json/oembed/1.0/embedc76d.json]
[aiic.vn/wp-json/oembed/1.0/embed52fc]
[aiic.vn/featured_item/fashion-designer/index.html]
[aiic.vn/featured_item/fashion-designer/feed/index.html]
[aiic.vn/featured_item/finance-manager/t.src]
[aiic.vn/wp-json/oembed/1.0/embedf1b3.json]
[aiic.vn/featured_item/finance-manager/index.html]
[aiic.vn/wp-json/oembed/1.0/embedbc38]
[aiic.vn/featured_item/finance-manager/feed/index.html]
[aiic.vn/featured_item/front-desk-manager/t.5f4.delayed]
[aiic.vn/wp-json/oembed/1.0/embed5e15.json]
[aiic.vn/wp-json/oembed/1.0/embed61af]
[aiic.vn/featured_item/front-desk-manager/index.html]
[aiic.vn/featured_item/front-desk-manager/feed/index.html]
[aiic.vn/featured_item/general-manager/t.src]
[aiic.vn/wp-json/oembed/1.0/embed9e70.json]
[aiic.vn/wp-json/oembed/1.0/embed5d59]
[aiic.vn/featured_item/general-manager/index.html]
[aiic.vn/featured_item/general-manager/feed/index.html]
[aiic.vn/featured_item/purchasing-manager/t.src]
[aiic.vn/wp-json/oembed/1.0/embed41c2.json]
[aiic.vn/wp-json/oembed/1.0/embedfe02]
[aiic.vn/featured_item/purchasing-manager/feed/index.html]
[aiic.vn/featured_item/purchasing-manager/index.html]
[aiic.vn/featured_item/restaurant-manager/t.src]
[aiic.vn/wp-json/oembed/1.0/embedf05f.json]
[aiic.vn/wp-json/oembed/1.0/embed59fd]
[aiic.vn/featured_item/restaurant-manager/index.html]
[aiic.vn/featured_item/sales-manager/t.src]
[aiic.vn/featured_item/restaurant-manager/feed/index.html]
[aiic.vn/wp-json/oembed/1.0/embed6c3b.json]
[aiic.vn/wp-json/oembed/1.0/embed0eac]
[aiic.vn/featured_item/sales-manager/index.html]
[aiic.vn/featured_item/sales-manager/feed/index.html]
[aiic.vn/featured_item/software/t.src]
[aiic.vn/wp-json/oembed/1.0/embedb630.json]
[aiic.vn/featured_item/software/index.html]
[aiic.vn/wp-json/oembed/1.0/embed0a6f]
[aiic.vn/featured_item/software/feed/index.html]
[aiic.vn/featured_item/web-developer/t.src]
[aiic.vn/wp-json/oembed/1.0/embedebf3.json]
[aiic.vn/wp-json/oembed/1.0/embed3fac]
[aiic.vn/featured_item/web-developer/index.html]
[aiic.vn/featured_item/web-developer/feed/index.html]
[aiic.vn/featured_item/nanny/t.src]
[aiic.vn/wp-json/oembed/1.0/embed8557.json]
[aiic.vn/featured_item/nanny/index.html]
[aiic.vn/dinh-cu-canada-dien-tay-nghe/chuong-trinh-thi-diem-caregiver/index.html]
[aiic.vn/chi-phi-dinh-cu-canada-va-phuong-phap-tiet-kiem-hieu-qua-2022/index.html]
[aiic.vn/wp-json/oembed/1.0/embed421e]
[aiic.vn/featured_item/nanny/feed/index.html]
[aiic.vn/di-dinh-cu-canada-duoc-mang-bao-nhieu-tien-neu-mang-qua-nhieu-thi-sao/t.src]
[aiic.vn/wp-json/wp/v2/posts/3008.json]
[aiic.vn/wp-json/oembed/1.0/embede06e.json]
[aiic.vn/wp-json/oembed/1.0/embedff45]
[aiic.vn/wp-content/uploads/2021/07/img_60fff0f9a105b.png]
[aiic.vn/wp-content/uploads/2021/07/img_60fff0fc1187f.png]
[aiic.vn/di-dinh-cu-canada-duoc-mang-bao-nhieu-tien-neu-mang-qua-nhieu-thi-sao/index.html]
[aiic.vn/di-dinh-cu-canada-duoc-mang-bao-nhieu-tien-neu-mang-qua-nhieu-thi-sao/feed/index.html]
[aiic.vn/canada-co-bao-nhieu-tinh-bang-bang-nao-de-dinh-cu-nhat/t.src]
[aiic.vn/wp-json/wp/v2/posts/3118.json]
[aiic.vn/wp-json/oembed/1.0/embed37de.json]
[aiic.vn/canada-co-bao-nhieu-tinh-bang-bang-nao-de-dinh-cu-nhat/feed/index.html]
[aiic.vn/wp-json/oembed/1.0/embed8339]
[aiic.vn/wp-content/uploads/2021/08/img_6114d510d4a7d.jpg]
[aiic.vn/wp-content/uploads/2021/08/img_6114d50bf03fb.jpg]
[aiic.vn/wp-content/uploads/2021/08/img_6114d50d4bd66.jpg]
[aiic.vn/wp-content/uploads/2021/08/img_6114d50e72887.jpg]
[aiic.vn/wp-content/uploads/2021/08/img_6114d50f7651a.jpg]
[aiic.vn/wp-content/uploads/2021/08/img_6114d51248a36.jpg]
[aiic.vn/wp-content/uploads/2021/08/img_6114d51422070.jpg]
[aiic.vn/gioi-thieu-tinh-bang/ontario/index-2.html]
[aiic.vn/wp-content/uploads/2021/08/img_6114d5155de5a.jpg]
[aiic.vn/wp-content/uploads/2021/08/img_6114d516604cc.jpg]
[aiic.vn/wp-content/uploads/2021/08/img_6114d517da718.jpg]
[aiic.vn/wp-content/uploads/2023/07/img_64ad0abfa1222.jpg]
[aiic.vn/canada-co-bao-nhieu-tinh-bang-bang-nao-de-dinh-cu-nhat/index.html]
[aiic.vn/chuong-trinh-express-entry-ee/t.html]
[aiic.vn/indexaaf7.html]
[aiic.vn/chuong-trinh-work-permit-wp/t.html]
[aiic.vn/index1350.html]
[aiic.vn/chuong-trinh-de-cu-tinh-bang-british-columbia-bc-pnp/t.html]
[aiic.vn/index664b.html]
[aiic.vn/hai-quoc-tich-la-gi-viet-nam-co-cho-2-quoc-tich-khong/index.html]
[aiic.vn/gioi-thieu-tinh-bang/british-columbia/t.src]
[aiic.vn/wp-json/wp/v2/pages/997.json]
[aiic.vn/wp-json/oembed/1.0/embed85a4.json]
[aiic.vn/wp-json/oembed/1.0/embed7b53]
[aiic.vn/wp-content/uploads/2021/05/British-Columbia.png]
[aiic.vn/wp-content/uploads/2021/06/img_60d95268d81e1.png]
[aiic.vn/wp-content/uploads/2021/06/img_60d95285c2ac8.png]
[aiic.vn/wp-content/uploads/2021/06/img_60d9528a31fc6.png]
[aiic.vn/gioi-thieu-tinh-bang/british-columbia/admin-office-bc]
[aiic.vn/gioi-thieu-tinh-bang/british-columbia/mushroom-farmer]
[aiic.vn/gioi-thieu-tinh-bang/british-columbia/bookeeper]
[aiic.vn/gioi-thieu-tinh-bang/british-columbia/business-development-manager]
[aiic.vn/gioi-thieu-tinh-bang/british-columbia/business-development-officier]
[aiic.vn/gioi-thieu-tinh-bang/british-columbia/cad-designer]
[aiic.vn/gioi-thieu-tinh-bang/british-columbia/construction-manager]
[aiic.vn/gioi-thieu-tinh-bang/british-columbia/computer-science]
[aiic.vn/gioi-thieu-tinh-bang/british-columbia/construction-supervisor]
[aiic.vn/gioi-thieu-tinh-bang/british-columbia/cook-bc]
[aiic.vn/gioi-thieu-tinh-bang/british-columbia/digital-marketing]
[aiic.vn/gioi-thieu-tinh-bang/british-columbia/fashion-designer]
[aiic.vn/gioi-thieu-tinh-bang/british-columbia/finance-manager]
[aiic.vn/gioi-thieu-tinh-bang/british-columbia/front-desk-manager]
[aiic.vn/gioi-thieu-tinh-bang/british-columbia/general-manager]
[aiic.vn/gioi-thieu-tinh-bang/british-columbia/purchasing-manager]
[aiic.vn/gioi-thieu-tinh-bang/british-columbia/restaurant-manager]
[aiic.vn/gioi-thieu-tinh-bang/british-columbia/sales-manager]
[aiic.vn/gioi-thieu-tinh-bang/british-columbia/software]
[aiic.vn/gioi-thieu-tinh-bang/british-columbia/web-developer]
[aiic.vn/gioi-thieu-tinh-bang/british-columbia/wholesale-manager]
[aiic.vn/gioi-thieu-tinh-bang/british-columbia/bookkeeper-bc]
[aiic.vn/gioi-thieu-tinh-bang/british-columbia/electrician]
[aiic.vn/gioi-thieu-tinh-bang/british-columbia/farm-worker]
[aiic.vn/gioi-thieu-tinh-bang/british-columbia/food-service-supervisor-2]
[aiic.vn/gioi-thieu-tinh-bang/british-columbia/graphic-designer-2]
[aiic.vn/gioi-thieu-tinh-bang/british-columbia/marketing-manager-2]
[aiic.vn/gioi-thieu-tinh-bang/british-columbia/office-manager]
[aiic.vn/gioi-thieu-tinh-bang/british-columbia/pharmacy-technician-2]
[aiic.vn/gioi-thieu-tinh-bang/british-columbia/plumber]
[aiic.vn/gioi-thieu-tinh-bang/british-columbia/property-manager]
[aiic.vn/gioi-thieu-tinh-bang/british-columbia/retail-manager]
[aiic.vn/gioi-thieu-tinh-bang/british-columbia/sales-retail-supervisor-2]
[aiic.vn/gioi-thieu-tinh-bang/british-columbia/tilesetter]
[aiic.vn/gioi-thieu-tinh-bang/british-columbia/video-editor]
[aiic.vn/gioi-thieu-tinh-bang/british-columbia/warehouse-manager]
[aiic.vn/gioi-thieu-tinh-bang/british-columbia/logistic-supervisor]
[aiic.vn/gioi-thieu-tinh-bang/british-columbia/cleaner]
[aiic.vn/gioi-thieu-tinh-bang/british-columbia/nanny]
[aiic.vn/gioi-thieu-tinh-bang/british-columbia/hotel-supervisor-bc]
[aiic.vn/gioi-thieu-tinh-bang/british-columbia/pizza-maker]
[aiic.vn/gioi-thieu-tinh-bang/british-columbia/pharmacy-assistant]
[aiic.vn/gioi-thieu-tinh-bang/british-columbia/cake-decorator]
[aiic.vn/gioi-thieu-tinh-bang/british-columbia/carpenter]
[aiic.vn/gioi-thieu-tinh-bang/british-columbia/tires-technician-2]
[aiic.vn/gioi-thieu-tinh-bang/british-columbia/software-engineer]
[aiic.vn/gioi-thieu-tinh-bang/british-columbia/index.html]
[aiic.vn/chuong-trinh-de-cu-tinh-bang-alberta-ainp/t.html]
[aiic.vn/index245e.html]
[aiic.vn/gioi-thieu-tinh-bang/alberta/t.src]
[aiic.vn/wp-json/wp/v2/pages/999.json]
[aiic.vn/wp-json/oembed/1.0/embed532c.json]
[aiic.vn/wp-json/oembed/1.0/embedf4cc]
[aiic.vn/wp-content/uploads/2021/05/alberta.png]
[aiic.vn/wp-content/uploads/2021/06/img_60d95261971a4.png]
[aiic.vn/wp-content/uploads/2021/06/img_60d9526ac36b2.png]
[aiic.vn/wp-content/uploads/2021/06/img_60d952767ddc6.png]
[aiic.vn/wp-content/uploads/2021/06/img_60d952846b3b3.png]
[aiic.vn/gioi-thieu-tinh-bang/alberta/business-manager]
[aiic.vn/gioi-thieu-tinh-bang/alberta/butcher]
[aiic.vn/gioi-thieu-tinh-bang/alberta/cook-ab]
[aiic.vn/gioi-thieu-tinh-bang/alberta/customer-service-manager]
[aiic.vn/gioi-thieu-tinh-bang/alberta/food-service-supervisor]
[aiic.vn/gioi-thieu-tinh-bang/alberta/hr-manager]
[aiic.vn/gioi-thieu-tinh-bang/alberta/sales-retail]
[aiic.vn/gioi-thieu-tinh-bang/alberta/supply-control-co-ordinator]
[aiic.vn/gioi-thieu-tinh-bang/alberta/truck-driver]
[aiic.vn/gioi-thieu-tinh-bang/alberta/auto-body-shop-worker]
[aiic.vn/gioi-thieu-tinh-bang/alberta/food-supply-worker]
[aiic.vn/gioi-thieu-tinh-bang/alberta/graphic-designer]
[aiic.vn/gioi-thieu-tinh-bang/alberta/it-hardware]
[aiic.vn/gioi-thieu-tinh-bang/alberta/maintenance]
[aiic.vn/gioi-thieu-tinh-bang/alberta/marketing-manager]
[aiic.vn/gioi-thieu-tinh-bang/alberta/nail-worker]
[aiic.vn/gioi-thieu-tinh-bang/alberta/pharmacy-technician]
[aiic.vn/gioi-thieu-tinh-bang/alberta/printing-supervisor]
[aiic.vn/gioi-thieu-tinh-bang/alberta/restaurant-manager-2]
[aiic.vn/gioi-thieu-tinh-bang/alberta/sales-retail-supervisor]
[aiic.vn/gioi-thieu-tinh-bang/alberta/server]
[aiic.vn/gioi-thieu-tinh-bang/alberta/tires-technician]
[aiic.vn/gioi-thieu-tinh-bang/alberta/web-developer-2]
[aiic.vn/gioi-thieu-tinh-bang/alberta/admin-office-ab]
[aiic.vn/gioi-thieu-tinh-bang/alberta/bookkeeper-ab]
[aiic.vn/gioi-thieu-tinh-bang/alberta/index.html]
[aiic.vn/chuong-trinh-de-cu-tinh-bang-saskatchewan-sinp/t.html]
[aiic.vn/gioi-thieu-tinh-bang/saskatchewan/index.html]
[aiic.vn/chuong-trinh-de-cu-tinh-bang-manitoba-mpnp/t.html]
[aiic.vn/indexc504.html]
[aiic.vn/gioi-thieu-tinh-bang/manitoba/index.html]
[aiic.vn/chuong-trinh-de-cu-tinh-bang-prince-edward-island-peipnp/t.html]
[aiic.vn/indexecc4.html]
[aiic.vn/gioi-thieu-tinh-bang/prince-edward-island/index.html]
[aiic.vn/chuong-trinh-thi-diem-nong-nghiep-thuc-pham-afip/t.html]
[aiic.vn/indexa8fe.html]
[aiic.vn/chuong-trinh-thi-diem-caregiver/t.html]
[aiic.vn/index21b4.html]
[aiic.vn/thong-tin-chuong-trinh/ve-canada/t.html]
[aiic.vn/index4efb.html]
[aiic.vn/dien-tay-nghe/index.html]
[aiic.vn/he-thong-y-te-va-cac-loai-bao-hiem-can-thiet-tai-canada/index.html]
[aiic.vn/he-thong-giao-duc-noi-tieng-chat-luong-bac-nhat-tai-canada/index.html]
[aiic.vn/nhung-dieu-can-biet-ve-thue-thu-nhap-ca-nhan-o-canada/index.html]
[aiic.vn/top-5-cach-dinh-cu-canada-ty-le-thanh-cong-cao-it-chi-phi/index.html]
[aiic.vn/cac-dieu-kien-lay-quoc-tich-canada-moi-nhat-hien-nay/index.html]
[aiic.vn/top-10-viec-lam-hot-giup-de-dinh-cu-canada-2021/index.html]
[aiic.vn/tong-quan-ve-cac-chuong-trinh-de-cu-tinh-bang-british-columbia-bc-pnp/index.html]
[aiic.vn/tong-quan-ve-chuong-trinh-de-cu-tinh-bang-prince-edward-island-peipnp/index.html]
[aiic.vn/tong-hop-kinh-nghiem-dinh-cu-canada-theo-dien-tay-nghe/index.html]
[aiic.vn/gioi-thieu-tinh-bang/t.html]
[aiic.vn/index44fb.html]
[aiic.vn/gioi-thieu-tinh-bang/new-brunswick/index.html]
[aiic.vn/gioi-thieu-tinh-bang/newfoundland-and-labrador/index.html]
[aiic.vn/gioi-thieu-tinh-bang/nova-scotia/index.html]
[aiic.vn/gioi-thieu-tinh-bang/Ontario/index.html]
[aiic.vn/gioi-thieu-tinh-bang/Quebec/index.html]
[aiic.vn/gioi-thieu-tinh-bang/quebec/index-2.html]
[aiic.vn/gioi-thieu-tinh-bang/Saskatchewan/index-2.html]
[aiic.vn/thong-tin-chuong-trinh/t.html]
